Archive member included because of file (symbol)

c:/program files (x86)/atmel/avr studio 5.0/avr toolchain/bin/../lib/gcc/avr/4.5.1/avrxmega6\libgcc.a(_divmodsi4.o)
                              fys3240_lab2.o (__divmodsi4)
c:/program files (x86)/atmel/avr studio 5.0/avr toolchain/bin/../lib/gcc/avr/4.5.1/avrxmega6\libgcc.a(_exit.o)
                              c:/program files (x86)/atmel/avr studio 5.0/avr toolchain/bin/../lib/gcc/avr/4.5.1/../../../../avr/lib/avrxmega6/crtx128b1.o (exit)
c:/program files (x86)/atmel/avr studio 5.0/avr toolchain/bin/../lib/gcc/avr/4.5.1/avrxmega6\libgcc.a(_clear_bss.o)
                              fys3240_lab2.o (__do_clear_bss)
c:/program files (x86)/atmel/avr studio 5.0/avr toolchain/bin/../lib/gcc/avr/4.5.1/avrxmega6\libgcc.a(_fixunssfsi.o)
                              fys3240_lab1.o (__fixunssfsi)
c:/program files (x86)/atmel/avr studio 5.0/avr toolchain/bin/../lib/gcc/avr/4.5.1/avrxmega6\libgcc.a(_addsub_sf.o)
                              c:/program files (x86)/atmel/avr studio 5.0/avr toolchain/bin/../lib/gcc/avr/4.5.1/avrxmega6\libgcc.a(_fixunssfsi.o) (__subsf3)
c:/program files (x86)/atmel/avr studio 5.0/avr toolchain/bin/../lib/gcc/avr/4.5.1/avrxmega6\libgcc.a(_mul_sf.o)
                              fys3240_lab1.o (__mulsf3)
c:/program files (x86)/atmel/avr studio 5.0/avr toolchain/bin/../lib/gcc/avr/4.5.1/avrxmega6\libgcc.a(_gt_sf.o)
                              fys3240_lab1.o (__gtsf2)
c:/program files (x86)/atmel/avr studio 5.0/avr toolchain/bin/../lib/gcc/avr/4.5.1/avrxmega6\libgcc.a(_ge_sf.o)
                              c:/program files (x86)/atmel/avr studio 5.0/avr toolchain/bin/../lib/gcc/avr/4.5.1/avrxmega6\libgcc.a(_fixunssfsi.o) (__gesf2)
c:/program files (x86)/atmel/avr studio 5.0/avr toolchain/bin/../lib/gcc/avr/4.5.1/avrxmega6\libgcc.a(_lt_sf.o)
                              fys3240_lab1.o (__ltsf2)
c:/program files (x86)/atmel/avr studio 5.0/avr toolchain/bin/../lib/gcc/avr/4.5.1/avrxmega6\libgcc.a(_sf_to_si.o)
                              c:/program files (x86)/atmel/avr studio 5.0/avr toolchain/bin/../lib/gcc/avr/4.5.1/avrxmega6\libgcc.a(_fixunssfsi.o) (__fixsfsi)
c:/program files (x86)/atmel/avr studio 5.0/avr toolchain/bin/../lib/gcc/avr/4.5.1/avrxmega6\libgcc.a(_thenan_sf.o)
                              c:/program files (x86)/atmel/avr studio 5.0/avr toolchain/bin/../lib/gcc/avr/4.5.1/avrxmega6\libgcc.a(_addsub_sf.o) (__thenan_sf)
c:/program files (x86)/atmel/avr studio 5.0/avr toolchain/bin/../lib/gcc/avr/4.5.1/avrxmega6\libgcc.a(_udivmodsi4.o)
                              c:/program files (x86)/atmel/avr studio 5.0/avr toolchain/bin/../lib/gcc/avr/4.5.1/avrxmega6\libgcc.a(_divmodsi4.o) (__udivmodsi4)
c:/program files (x86)/atmel/avr studio 5.0/avr toolchain/bin/../lib/gcc/avr/4.5.1/avrxmega6\libgcc.a(_prologue.o)
                              c:/program files (x86)/atmel/avr studio 5.0/avr toolchain/bin/../lib/gcc/avr/4.5.1/avrxmega6\libgcc.a(_addsub_sf.o) (__prologue_saves__)
c:/program files (x86)/atmel/avr studio 5.0/avr toolchain/bin/../lib/gcc/avr/4.5.1/avrxmega6\libgcc.a(_epilogue.o)
                              c:/program files (x86)/atmel/avr studio 5.0/avr toolchain/bin/../lib/gcc/avr/4.5.1/avrxmega6\libgcc.a(_addsub_sf.o) (__epilogue_restores__)
c:/program files (x86)/atmel/avr studio 5.0/avr toolchain/bin/../lib/gcc/avr/4.5.1/avrxmega6\libgcc.a(_copy_data.o)
                              c:/program files (x86)/atmel/avr studio 5.0/avr toolchain/bin/../lib/gcc/avr/4.5.1/avrxmega6\libgcc.a(_thenan_sf.o) (__do_copy_data)
c:/program files (x86)/atmel/avr studio 5.0/avr toolchain/bin/../lib/gcc/avr/4.5.1/avrxmega6\libgcc.a(_pack_sf.o)
                              c:/program files (x86)/atmel/avr studio 5.0/avr toolchain/bin/../lib/gcc/avr/4.5.1/avrxmega6\libgcc.a(_addsub_sf.o) (__pack_f)
c:/program files (x86)/atmel/avr studio 5.0/avr toolchain/bin/../lib/gcc/avr/4.5.1/avrxmega6\libgcc.a(_unpack_sf.o)
                              c:/program files (x86)/atmel/avr studio 5.0/avr toolchain/bin/../lib/gcc/avr/4.5.1/avrxmega6\libgcc.a(_addsub_sf.o) (__unpack_f)
c:/program files (x86)/atmel/avr studio 5.0/avr toolchain/bin/../lib/gcc/avr/4.5.1/avrxmega6\libgcc.a(_fpcmp_parts_sf.o)
                              c:/program files (x86)/atmel/avr studio 5.0/avr toolchain/bin/../lib/gcc/avr/4.5.1/avrxmega6\libgcc.a(_gt_sf.o) (__fpcmp_parts_f)

Allocating common symbols
Common symbol       size              file

b_pressed           0x1               fys3240_lab2.o

Memory Configuration

Name             Origin             Length             Attributes
text             0x00000000         0x00100000         xr
data             0x00802000         0x0000ffa0         rw !x
eeprom           0x00810000         0x00010000         rw !x
fuse             0x00820000         0x00000400         rw !x
lock             0x00830000         0x00000400         rw !x
signature        0x00840000         0x00000400         rw !x
*default*        0x00000000         0xffffffff

Linker script and memory map

LOAD c:/program files (x86)/atmel/avr studio 5.0/avr toolchain/bin/../lib/gcc/avr/4.5.1/../../../../avr/lib/avrxmega6/crtx128b1.o
LOAD AVRGCC2.o
LOAD fys3240_lab1.o
LOAD fys3240_lab2.o
LOAD c:/program files (x86)/atmel/avr studio 5.0/avr toolchain/bin/../lib/gcc/avr/4.5.1/avrxmega6\libgcc.a
LOAD c:/program files (x86)/atmel/avr studio 5.0/avr toolchain/bin/../lib/gcc/avr/4.5.1/../../../../avr/lib/avrxmega6\libc.a
LOAD c:/program files (x86)/atmel/avr studio 5.0/avr toolchain/bin/../lib/gcc/avr/4.5.1/avrxmega6\libgcc.a

.hash
 *(.hash)

.dynsym
 *(.dynsym)

.dynstr
 *(.dynstr)

.gnu.version
 *(.gnu.version)

.gnu.version_d
 *(.gnu.version_d)

.gnu.version_r
 *(.gnu.version_r)

.rel.init
 *(.rel.init)

.rela.init
 *(.rela.init)

.rel.text
 *(.rel.text)
 *(.rel.text.*)
 *(.rel.gnu.linkonce.t*)

.rela.text
 *(.rela.text)
 *(.rela.text.*)
 *(.rela.gnu.linkonce.t*)

.rel.fini
 *(.rel.fini)

.rela.fini
 *(.rela.fini)

.rel.rodata
 *(.rel.rodata)
 *(.rel.rodata.*)
 *(.rel.gnu.linkonce.r*)

.rela.rodata
 *(.rela.rodata)
 *(.rela.rodata.*)
 *(.rela.gnu.linkonce.r*)

.rel.data
 *(.rel.data)
 *(.rel.data.*)
 *(.rel.gnu.linkonce.d*)

.rela.data
 *(.rela.data)
 *(.rela.data.*)
 *(.rela.gnu.linkonce.d*)

.rel.ctors
 *(.rel.ctors)

.rela.ctors
 *(.rela.ctors)

.rel.dtors
 *(.rel.dtors)

.rela.dtors
 *(.rela.dtors)

.rel.got
 *(.rel.got)

.rela.got
 *(.rela.got)

.rel.bss
 *(.rel.bss)

.rela.bss
 *(.rela.bss)

.rel.plt
 *(.rel.plt)

.rela.plt
 *(.rela.plt)

.text           0x00000000     0x23a2
 *(.vectors)
 .vectors       0x00000000      0x144 c:/program files (x86)/atmel/avr studio 5.0/avr toolchain/bin/../lib/gcc/avr/4.5.1/../../../../avr/lib/avrxmega6/crtx128b1.o
                0x00000000                __vector_default
                0x00000000                __vectors
 *(.vectors)
 *(.progmem.gcc*)
 *(.progmem*)
                0x00000144                . = ALIGN (0x2)
                0x00000144                __trampolines_start = .
 *(.trampolines)
 .trampolines   0x00000144        0x0 linker stubs
 *(.trampolines*)
                0x00000144                __trampolines_end = .
 *(.jumptables)
 *(.jumptables*)
 *(.lowtext)
 *(.lowtext*)
                0x00000144                __ctors_start = .
 *(.ctors)
                0x00000144                __ctors_end = .
                0x00000144                __dtors_start = .
 *(.dtors)
                0x00000144                __dtors_end = .
 SORT(*)(.ctors)
 SORT(*)(.dtors)
 *(.init0)
 .init0         0x00000144        0x0 c:/program files (x86)/atmel/avr studio 5.0/avr toolchain/bin/../lib/gcc/avr/4.5.1/../../../../avr/lib/avrxmega6/crtx128b1.o
                0x00000144                __init
 *(.init0)
 *(.init1)
 *(.init1)
 *(.init2)
 .init2         0x00000144       0x10 c:/program files (x86)/atmel/avr studio 5.0/avr toolchain/bin/../lib/gcc/avr/4.5.1/../../../../avr/lib/avrxmega6/crtx128b1.o
 *(.init2)
 *(.init3)
 *(.init3)
 *(.init4)
 .init4         0x00000154       0x10 c:/program files (x86)/atmel/avr studio 5.0/avr toolchain/bin/../lib/gcc/avr/4.5.1/avrxmega6\libgcc.a(_clear_bss.o)
                0x00000154                __do_clear_bss
 .init4         0x00000164       0x1a c:/program files (x86)/atmel/avr studio 5.0/avr toolchain/bin/../lib/gcc/avr/4.5.1/avrxmega6\libgcc.a(_copy_data.o)
                0x00000164                __do_copy_data
 *(.init4)
 *(.init5)
 *(.init5)
 *(.init6)
 *(.init6)
 *(.init7)
 *(.init7)
 *(.init8)
 *(.init8)
 *(.init9)
 .init9         0x0000017e        0x8 c:/program files (x86)/atmel/avr studio 5.0/avr toolchain/bin/../lib/gcc/avr/4.5.1/../../../../avr/lib/avrxmega6/crtx128b1.o
 *(.init9)
 *(.text)
 .text          0x00000186        0x4 c:/program files (x86)/atmel/avr studio 5.0/avr toolchain/bin/../lib/gcc/avr/4.5.1/../../../../avr/lib/avrxmega6/crtx128b1.o
                0x00000186                __vector_38
                0x00000186                __vector_22
                0x00000186                __vector_63
                0x00000186                __vector_28
                0x00000186                __vector_67
                0x00000186                __vector_1
                0x00000186                __vector_32
                0x00000186                __vector_75
                0x00000186                __vector_71
                0x00000186                __vector_34
                0x00000186                __vector_62
                0x00000186                __vector_77
                0x00000186                __vector_24
                0x00000186                __vector_12
                0x00000186                __vector_55
                0x00000186                __vector_69
                0x00000186                __vector_46
                0x00000186                __bad_interrupt
                0x00000186                __vector_72
                0x00000186                __vector_6
                0x00000186                __vector_31
                0x00000186                __vector_78
                0x00000186                __vector_74
                0x00000186                __vector_39
                0x00000186                __vector_3
                0x00000186                __vector_23
                0x00000186                __vector_68
                0x00000186                __vector_30
                0x00000186                __vector_73
                0x00000186                __vector_45
                0x00000186                __vector_25
                0x00000186                __vector_61
                0x00000186                __vector_11
                0x00000186                __vector_54
                0x00000186                __vector_13
                0x00000186                __vector_17
                0x00000186                __vector_19
                0x00000186                __vector_56
                0x00000186                __vector_7
                0x00000186                __vector_49
                0x00000186                __vector_41
                0x00000186                __vector_64
                0x00000186                __vector_43
                0x00000186                __vector_27
                0x00000186                __vector_5
                0x00000186                __vector_33
                0x00000186                __vector_76
                0x00000186                __vector_47
                0x00000186                __vector_52
                0x00000186                __vector_37
                0x00000186                __vector_4
                0x00000186                __vector_44
                0x00000186                __vector_51
                0x00000186                __vector_9
                0x00000186                __vector_2
                0x00000186                __vector_21
                0x00000186                __vector_15
                0x00000186                __vector_66
                0x00000186                __vector_36
                0x00000186                __vector_79
                0x00000186                __vector_58
                0x00000186                __vector_70
                0x00000186                __vector_29
                0x00000186                __vector_60
                0x00000186                __vector_40
                0x00000186                __vector_8
                0x00000186                __vector_26
                0x00000186                __vector_48
                0x00000186                __vector_80
                0x00000186                __vector_14
                0x00000186                __vector_57
                0x00000186                __vector_53
                0x00000186                __vector_10
                0x00000186                __vector_50
                0x00000186                __vector_16
                0x00000186                __vector_59
                0x00000186                __vector_18
                0x00000186                __vector_20
                0x00000186                __vector_42
                0x00000186                __vector_65
 .text          0x0000018a        0x0 AVRGCC2.o
 .text          0x0000018a      0x452 fys3240_lab1.o
                0x0000018a                init_32M_clock
                0x000001be                put_on_leds
                0x000001e0                getButtonInput
                0x00000200                flash_on_keypress
                0x00000216                led_counter
                0x00000570                init_buttons
                0x000005ae                init_leds
                0x000005c6                init_buttons_and_leds
 .text          0x000005dc     0x1266 fys3240_lab2.o
                0x000005dc                main
                0x000005fe                oppgave1
                0x000010fe                done
                0x00001152                blink
                0x00001192                lcd_clear
                0x000012c2                lcd_set_blink
                0x000012e0                lcd_write_char_pos
                0x0000130e                lcd_write_char
                0x0000132c                lcd_write_int
                0x0000134e                init_lcd
                0x00001384                init_lcd_interrupts
                0x000013b2                __vector_35
                0x00001416                lcd_callback_lab2
 .text          0x00001842        0x0 c:/program files (x86)/atmel/avr studio 5.0/avr toolchain/bin/../lib/gcc/avr/4.5.1/avrxmega6\libgcc.a(_divmodsi4.o)
 .text          0x00001842        0x0 c:/program files (x86)/atmel/avr studio 5.0/avr toolchain/bin/../lib/gcc/avr/4.5.1/avrxmega6\libgcc.a(_exit.o)
 .text          0x00001842        0x0 c:/program files (x86)/atmel/avr studio 5.0/avr toolchain/bin/../lib/gcc/avr/4.5.1/avrxmega6\libgcc.a(_clear_bss.o)
 .text          0x00001842       0x58 c:/program files (x86)/atmel/avr studio 5.0/avr toolchain/bin/../lib/gcc/avr/4.5.1/avrxmega6\libgcc.a(_fixunssfsi.o)
                0x00001842                __fixunssfsi
 .text          0x0000189a      0x350 c:/program files (x86)/atmel/avr studio 5.0/avr toolchain/bin/../lib/gcc/avr/4.5.1/avrxmega6\libgcc.a(_addsub_sf.o)
                0x00001b2e                __addsf3
                0x00001b88                __subsf3
 .text          0x00001bea      0x1f4 c:/program files (x86)/atmel/avr studio 5.0/avr toolchain/bin/../lib/gcc/avr/4.5.1/avrxmega6\libgcc.a(_mul_sf.o)
                0x00001bea                __mulsf3
 .text          0x00001dde       0x60 c:/program files (x86)/atmel/avr studio 5.0/avr toolchain/bin/../lib/gcc/avr/4.5.1/avrxmega6\libgcc.a(_gt_sf.o)
                0x00001dde                __gtsf2
 .text          0x00001e3e       0x60 c:/program files (x86)/atmel/avr studio 5.0/avr toolchain/bin/../lib/gcc/avr/4.5.1/avrxmega6\libgcc.a(_ge_sf.o)
                0x00001e3e                __gesf2
 .text          0x00001e9e       0x60 c:/program files (x86)/atmel/avr studio 5.0/avr toolchain/bin/../lib/gcc/avr/4.5.1/avrxmega6\libgcc.a(_lt_sf.o)
                0x00001e9e                __ltsf2
 .text          0x00001efe       0xa4 c:/program files (x86)/atmel/avr studio 5.0/avr toolchain/bin/../lib/gcc/avr/4.5.1/avrxmega6\libgcc.a(_sf_to_si.o)
                0x00001efe                __fixsfsi
 .text          0x00001fa2        0x0 c:/program files (x86)/atmel/avr studio 5.0/avr toolchain/bin/../lib/gcc/avr/4.5.1/avrxmega6\libgcc.a(_thenan_sf.o)
 .text          0x00001fa2        0x0 c:/program files (x86)/atmel/avr studio 5.0/avr toolchain/bin/../lib/gcc/avr/4.5.1/avrxmega6\libgcc.a(_udivmodsi4.o)
 .text          0x00001fa2        0x0 c:/program files (x86)/atmel/avr studio 5.0/avr toolchain/bin/../lib/gcc/avr/4.5.1/avrxmega6\libgcc.a(_prologue.o)
 .text          0x00001fa2        0x0 c:/program files (x86)/atmel/avr studio 5.0/avr toolchain/bin/../lib/gcc/avr/4.5.1/avrxmega6\libgcc.a(_epilogue.o)
 .text          0x00001fa2        0x0 c:/program files (x86)/atmel/avr studio 5.0/avr toolchain/bin/../lib/gcc/avr/4.5.1/avrxmega6\libgcc.a(_copy_data.o)
 .text          0x00001fa2      0x19c c:/program files (x86)/atmel/avr studio 5.0/avr toolchain/bin/../lib/gcc/avr/4.5.1/avrxmega6\libgcc.a(_pack_sf.o)
                0x00001fa2                __pack_f
 .text          0x0000213e       0xd2 c:/program files (x86)/atmel/avr studio 5.0/avr toolchain/bin/../lib/gcc/avr/4.5.1/avrxmega6\libgcc.a(_unpack_sf.o)
                0x0000213e                __unpack_f
 .text          0x00002210       0xb2 c:/program files (x86)/atmel/avr studio 5.0/avr toolchain/bin/../lib/gcc/avr/4.5.1/avrxmega6\libgcc.a(_fpcmp_parts_sf.o)
                0x00002210                __fpcmp_parts_f
                0x000022c2                . = ALIGN (0x2)
 *(.text.*)
 .text.libgcc   0x000022c2       0x36 c:/program files (x86)/atmel/avr studio 5.0/avr toolchain/bin/../lib/gcc/avr/4.5.1/avrxmega6\libgcc.a(_divmodsi4.o)
                0x000022c2                __divmodsi4
 .text.libgcc   0x000022f8        0x0 c:/program files (x86)/atmel/avr studio 5.0/avr toolchain/bin/../lib/gcc/avr/4.5.1/avrxmega6\libgcc.a(_exit.o)
 .text.libgcc   0x000022f8        0x0 c:/program files (x86)/atmel/avr studio 5.0/avr toolchain/bin/../lib/gcc/avr/4.5.1/avrxmega6\libgcc.a(_clear_bss.o)
 .text.libgcc   0x000022f8       0x44 c:/program files (x86)/atmel/avr studio 5.0/avr toolchain/bin/../lib/gcc/avr/4.5.1/avrxmega6\libgcc.a(_udivmodsi4.o)
                0x000022f8                __udivmodsi4
 .text.libgcc   0x0000233c       0x32 c:/program files (x86)/atmel/avr studio 5.0/avr toolchain/bin/../lib/gcc/avr/4.5.1/avrxmega6\libgcc.a(_prologue.o)
                0x0000233c                __prologue_saves__
 .text.libgcc   0x0000236e       0x30 c:/program files (x86)/atmel/avr studio 5.0/avr toolchain/bin/../lib/gcc/avr/4.5.1/avrxmega6\libgcc.a(_epilogue.o)
                0x0000236e                __epilogue_restores__
 .text.libgcc   0x0000239e        0x0 c:/program files (x86)/atmel/avr studio 5.0/avr toolchain/bin/../lib/gcc/avr/4.5.1/avrxmega6\libgcc.a(_copy_data.o)
                0x0000239e                . = ALIGN (0x2)
 *(.fini9)
 .fini9         0x0000239e        0x0 c:/program files (x86)/atmel/avr studio 5.0/avr toolchain/bin/../lib/gcc/avr/4.5.1/avrxmega6\libgcc.a(_exit.o)
                0x0000239e                _exit
                0x0000239e                exit
 *(.fini9)
 *(.fini8)
 *(.fini8)
 *(.fini7)
 *(.fini7)
 *(.fini6)
 *(.fini6)
 *(.fini5)
 *(.fini5)
 *(.fini4)
 *(.fini4)
 *(.fini3)
 *(.fini3)
 *(.fini2)
 *(.fini2)
 *(.fini1)
 *(.fini1)
 *(.fini0)
 .fini0         0x0000239e        0x4 c:/program files (x86)/atmel/avr studio 5.0/avr toolchain/bin/../lib/gcc/avr/4.5.1/avrxmega6\libgcc.a(_exit.o)
 *(.fini0)
                0x000023a2                _etext = .

.data           0x00802000        0x8 load address 0x000023a2
                0x00802000                PROVIDE (__data_start, .)
 *(.data)
 .data          0x00802000        0x0 c:/program files (x86)/atmel/avr studio 5.0/avr toolchain/bin/../lib/gcc/avr/4.5.1/../../../../avr/lib/avrxmega6/crtx128b1.o
 .data          0x00802000        0x0 AVRGCC2.o
 .data          0x00802000        0x0 fys3240_lab1.o
 .data          0x00802000        0x0 fys3240_lab2.o
 .data          0x00802000        0x0 c:/program files (x86)/atmel/avr studio 5.0/avr toolchain/bin/../lib/gcc/avr/4.5.1/avrxmega6\libgcc.a(_divmodsi4.o)
 .data          0x00802000        0x0 c:/program files (x86)/atmel/avr studio 5.0/avr toolchain/bin/../lib/gcc/avr/4.5.1/avrxmega6\libgcc.a(_exit.o)
 .data          0x00802000        0x0 c:/program files (x86)/atmel/avr studio 5.0/avr toolchain/bin/../lib/gcc/avr/4.5.1/avrxmega6\libgcc.a(_clear_bss.o)
 .data          0x00802000        0x0 c:/program files (x86)/atmel/avr studio 5.0/avr toolchain/bin/../lib/gcc/avr/4.5.1/avrxmega6\libgcc.a(_fixunssfsi.o)
 .data          0x00802000        0x0 c:/program files (x86)/atmel/avr studio 5.0/avr toolchain/bin/../lib/gcc/avr/4.5.1/avrxmega6\libgcc.a(_addsub_sf.o)
 .data          0x00802000        0x0 c:/program files (x86)/atmel/avr studio 5.0/avr toolchain/bin/../lib/gcc/avr/4.5.1/avrxmega6\libgcc.a(_mul_sf.o)
 .data          0x00802000        0x0 c:/program files (x86)/atmel/avr studio 5.0/avr toolchain/bin/../lib/gcc/avr/4.5.1/avrxmega6\libgcc.a(_gt_sf.o)
 .data          0x00802000        0x0 c:/program files (x86)/atmel/avr studio 5.0/avr toolchain/bin/../lib/gcc/avr/4.5.1/avrxmega6\libgcc.a(_ge_sf.o)
 .data          0x00802000        0x0 c:/program files (x86)/atmel/avr studio 5.0/avr toolchain/bin/../lib/gcc/avr/4.5.1/avrxmega6\libgcc.a(_lt_sf.o)
 .data          0x00802000        0x0 c:/program files (x86)/atmel/avr studio 5.0/avr toolchain/bin/../lib/gcc/avr/4.5.1/avrxmega6\libgcc.a(_sf_to_si.o)
 .data          0x00802000        0x8 c:/program files (x86)/atmel/avr studio 5.0/avr toolchain/bin/../lib/gcc/avr/4.5.1/avrxmega6\libgcc.a(_thenan_sf.o)
                0x00802000                __thenan_sf
 .data          0x00802008        0x0 c:/program files (x86)/atmel/avr studio 5.0/avr toolchain/bin/../lib/gcc/avr/4.5.1/avrxmega6\libgcc.a(_udivmodsi4.o)
 .data          0x00802008        0x0 c:/program files (x86)/atmel/avr studio 5.0/avr toolchain/bin/../lib/gcc/avr/4.5.1/avrxmega6\libgcc.a(_prologue.o)
 .data          0x00802008        0x0 c:/program files (x86)/atmel/avr studio 5.0/avr toolchain/bin/../lib/gcc/avr/4.5.1/avrxmega6\libgcc.a(_epilogue.o)
 .data          0x00802008        0x0 c:/program files (x86)/atmel/avr studio 5.0/avr toolchain/bin/../lib/gcc/avr/4.5.1/avrxmega6\libgcc.a(_copy_data.o)
 .data          0x00802008        0x0 c:/program files (x86)/atmel/avr studio 5.0/avr toolchain/bin/../lib/gcc/avr/4.5.1/avrxmega6\libgcc.a(_pack_sf.o)
 .data          0x00802008        0x0 c:/program files (x86)/atmel/avr studio 5.0/avr toolchain/bin/../lib/gcc/avr/4.5.1/avrxmega6\libgcc.a(_unpack_sf.o)
 .data          0x00802008        0x0 c:/program files (x86)/atmel/avr studio 5.0/avr toolchain/bin/../lib/gcc/avr/4.5.1/avrxmega6\libgcc.a(_fpcmp_parts_sf.o)
 *(.data*)
 *(.rodata)
 *(.rodata*)
 *(.gnu.linkonce.d*)
                0x00802008                . = ALIGN (0x2)
                0x00802008                _edata = .
                0x00802008                PROVIDE (__data_end, .)

.bss            0x00802008        0x5
                0x00802008                PROVIDE (__bss_start, .)
 *(.bss)
 .bss           0x00802008        0x0 c:/program files (x86)/atmel/avr studio 5.0/avr toolchain/bin/../lib/gcc/avr/4.5.1/../../../../avr/lib/avrxmega6/crtx128b1.o
 .bss           0x00802008        0x0 AVRGCC2.o
 .bss           0x00802008        0x0 fys3240_lab1.o
 .bss           0x00802008        0x4 fys3240_lab2.o
                0x00802008                count
 .bss           0x0080200c        0x0 c:/program files (x86)/atmel/avr studio 5.0/avr toolchain/bin/../lib/gcc/avr/4.5.1/avrxmega6\libgcc.a(_divmodsi4.o)
 .bss           0x0080200c        0x0 c:/program files (x86)/atmel/avr studio 5.0/avr toolchain/bin/../lib/gcc/avr/4.5.1/avrxmega6\libgcc.a(_exit.o)
 .bss           0x0080200c        0x0 c:/program files (x86)/atmel/avr studio 5.0/avr toolchain/bin/../lib/gcc/avr/4.5.1/avrxmega6\libgcc.a(_clear_bss.o)
 .bss           0x0080200c        0x0 c:/program files (x86)/atmel/avr studio 5.0/avr toolchain/bin/../lib/gcc/avr/4.5.1/avrxmega6\libgcc.a(_fixunssfsi.o)
 .bss           0x0080200c        0x0 c:/program files (x86)/atmel/avr studio 5.0/avr toolchain/bin/../lib/gcc/avr/4.5.1/avrxmega6\libgcc.a(_addsub_sf.o)
 .bss           0x0080200c        0x0 c:/program files (x86)/atmel/avr studio 5.0/avr toolchain/bin/../lib/gcc/avr/4.5.1/avrxmega6\libgcc.a(_mul_sf.o)
 .bss           0x0080200c        0x0 c:/program files (x86)/atmel/avr studio 5.0/avr toolchain/bin/../lib/gcc/avr/4.5.1/avrxmega6\libgcc.a(_gt_sf.o)
 .bss           0x0080200c        0x0 c:/program files (x86)/atmel/avr studio 5.0/avr toolchain/bin/../lib/gcc/avr/4.5.1/avrxmega6\libgcc.a(_ge_sf.o)
 .bss           0x0080200c        0x0 c:/program files (x86)/atmel/avr studio 5.0/avr toolchain/bin/../lib/gcc/avr/4.5.1/avrxmega6\libgcc.a(_lt_sf.o)
 .bss           0x0080200c        0x0 c:/program files (x86)/atmel/avr studio 5.0/avr toolchain/bin/../lib/gcc/avr/4.5.1/avrxmega6\libgcc.a(_sf_to_si.o)
 .bss           0x0080200c        0x0 c:/program files (x86)/atmel/avr studio 5.0/avr toolchain/bin/../lib/gcc/avr/4.5.1/avrxmega6\libgcc.a(_thenan_sf.o)
 .bss           0x0080200c        0x0 c:/program files (x86)/atmel/avr studio 5.0/avr toolchain/bin/../lib/gcc/avr/4.5.1/avrxmega6\libgcc.a(_udivmodsi4.o)
 .bss           0x0080200c        0x0 c:/program files (x86)/atmel/avr studio 5.0/avr toolchain/bin/../lib/gcc/avr/4.5.1/avrxmega6\libgcc.a(_prologue.o)
 .bss           0x0080200c        0x0 c:/program files (x86)/atmel/avr studio 5.0/avr toolchain/bin/../lib/gcc/avr/4.5.1/avrxmega6\libgcc.a(_epilogue.o)
 .bss           0x0080200c        0x0 c:/program files (x86)/atmel/avr studio 5.0/avr toolchain/bin/../lib/gcc/avr/4.5.1/avrxmega6\libgcc.a(_copy_data.o)
 .bss           0x0080200c        0x0 c:/program files (x86)/atmel/avr studio 5.0/avr toolchain/bin/../lib/gcc/avr/4.5.1/avrxmega6\libgcc.a(_pack_sf.o)
 .bss           0x0080200c        0x0 c:/program files (x86)/atmel/avr studio 5.0/avr toolchain/bin/../lib/gcc/avr/4.5.1/avrxmega6\libgcc.a(_unpack_sf.o)
 .bss           0x0080200c        0x0 c:/program files (x86)/atmel/avr studio 5.0/avr toolchain/bin/../lib/gcc/avr/4.5.1/avrxmega6\libgcc.a(_fpcmp_parts_sf.o)
 *(.bss*)
 *(COMMON)
 COMMON         0x0080200c        0x1 fys3240_lab2.o
                0x0080200c                b_pressed
                0x0080200d                PROVIDE (__bss_end, .)
                0x000023a2                __data_load_start = LOADADDR (.data)
                0x000023aa                __data_load_end = (__data_load_start + SIZEOF (.data))

.noinit         0x0080200d        0x0
                0x0080200d                PROVIDE (__noinit_start, .)
 *(.noinit*)
                0x0080200d                PROVIDE (__noinit_end, .)
                0x0080200d                _end = .
                0x0080200d                PROVIDE (__heap_start, .)

.eeprom         0x00810000        0x0
 *(.eeprom*)
                0x00810000                __eeprom_end = .

.fuse
 *(.fuse)
 *(.lfuse)
 *(.hfuse)
 *(.efuse)

.lock
 *(.lock*)

.signature
 *(.signature*)

.stab           0x00000000      0x6e4
 *(.stab)
 .stab          0x00000000      0x6e4 c:/program files (x86)/atmel/avr studio 5.0/avr toolchain/bin/../lib/gcc/avr/4.5.1/../../../../avr/lib/avrxmega6/crtx128b1.o

.stabstr        0x00000000       0x85
 *(.stabstr)
 .stabstr       0x00000000       0x85 c:/program files (x86)/atmel/avr studio 5.0/avr toolchain/bin/../lib/gcc/avr/4.5.1/../../../../avr/lib/avrxmega6/crtx128b1.o

.stab.excl
 *(.stab.excl)

.stab.exclstr
 *(.stab.exclstr)

.stab.index
 *(.stab.index)

.stab.indexstr
 *(.stab.indexstr)

.comment
 *(.comment)

.debug
 *(.debug)

.line
 *(.line)

.debug_srcinfo
 *(.debug_srcinfo)

.debug_sfnames
 *(.debug_sfnames)

.debug_aranges  0x00000000      0x180
 *(.debug_aranges)
 .debug_aranges
                0x00000000       0x20 fys3240_lab1.o
 .debug_aranges
                0x00000020       0x20 fys3240_lab2.o
 .debug_aranges
                0x00000040       0x20 c:/program files (x86)/atmel/avr studio 5.0/avr toolchain/bin/../lib/gcc/avr/4.5.1/avrxmega6\libgcc.a(_fixunssfsi.o)
 .debug_aranges
                0x00000060       0x20 c:/program files (x86)/atmel/avr studio 5.0/avr toolchain/bin/../lib/gcc/avr/4.5.1/avrxmega6\libgcc.a(_addsub_sf.o)
 .debug_aranges
                0x00000080       0x20 c:/program files (x86)/atmel/avr studio 5.0/avr toolchain/bin/../lib/gcc/avr/4.5.1/avrxmega6\libgcc.a(_mul_sf.o)
 .debug_aranges
                0x000000a0       0x20 c:/program files (x86)/atmel/avr studio 5.0/avr toolchain/bin/../lib/gcc/avr/4.5.1/avrxmega6\libgcc.a(_gt_sf.o)
 .debug_aranges
                0x000000c0       0x20 c:/program files (x86)/atmel/avr studio 5.0/avr toolchain/bin/../lib/gcc/avr/4.5.1/avrxmega6\libgcc.a(_ge_sf.o)
 .debug_aranges
                0x000000e0       0x20 c:/program files (x86)/atmel/avr studio 5.0/avr toolchain/bin/../lib/gcc/avr/4.5.1/avrxmega6\libgcc.a(_lt_sf.o)
 .debug_aranges
                0x00000100       0x20 c:/program files (x86)/atmel/avr studio 5.0/avr toolchain/bin/../lib/gcc/avr/4.5.1/avrxmega6\libgcc.a(_sf_to_si.o)
 .debug_aranges
                0x00000120       0x20 c:/program files (x86)/atmel/avr studio 5.0/avr toolchain/bin/../lib/gcc/avr/4.5.1/avrxmega6\libgcc.a(_pack_sf.o)
 .debug_aranges
                0x00000140       0x20 c:/program files (x86)/atmel/avr studio 5.0/avr toolchain/bin/../lib/gcc/avr/4.5.1/avrxmega6\libgcc.a(_unpack_sf.o)
 .debug_aranges
                0x00000160       0x20 c:/program files (x86)/atmel/avr studio 5.0/avr toolchain/bin/../lib/gcc/avr/4.5.1/avrxmega6\libgcc.a(_fpcmp_parts_sf.o)

.debug_pubnames
                0x00000000      0x311
 *(.debug_pubnames)
 .debug_pubnames
                0x00000000       0xa7 fys3240_lab1.o
 .debug_pubnames
                0x000000a7       0xfa fys3240_lab2.o
 .debug_pubnames
                0x000001a1       0x23 c:/program files (x86)/atmel/avr studio 5.0/avr toolchain/bin/../lib/gcc/avr/4.5.1/avrxmega6\libgcc.a(_fixunssfsi.o)
 .debug_pubnames
                0x000001c4       0x2c c:/program files (x86)/atmel/avr studio 5.0/avr toolchain/bin/../lib/gcc/avr/4.5.1/avrxmega6\libgcc.a(_addsub_sf.o)
 .debug_pubnames
                0x000001f0       0x1f c:/program files (x86)/atmel/avr studio 5.0/avr toolchain/bin/../lib/gcc/avr/4.5.1/avrxmega6\libgcc.a(_mul_sf.o)
 .debug_pubnames
                0x0000020f       0x1e c:/program files (x86)/atmel/avr studio 5.0/avr toolchain/bin/../lib/gcc/avr/4.5.1/avrxmega6\libgcc.a(_gt_sf.o)
 .debug_pubnames
                0x0000022d       0x1e c:/program files (x86)/atmel/avr studio 5.0/avr toolchain/bin/../lib/gcc/avr/4.5.1/avrxmega6\libgcc.a(_ge_sf.o)
 .debug_pubnames
                0x0000024b       0x1e c:/program files (x86)/atmel/avr studio 5.0/avr toolchain/bin/../lib/gcc/avr/4.5.1/avrxmega6\libgcc.a(_lt_sf.o)
 .debug_pubnames
                0x00000269       0x20 c:/program files (x86)/atmel/avr studio 5.0/avr toolchain/bin/../lib/gcc/avr/4.5.1/avrxmega6\libgcc.a(_sf_to_si.o)
 .debug_pubnames
                0x00000289       0x22 c:/program files (x86)/atmel/avr studio 5.0/avr toolchain/bin/../lib/gcc/avr/4.5.1/avrxmega6\libgcc.a(_thenan_sf.o)
 .debug_pubnames
                0x000002ab       0x1f c:/program files (x86)/atmel/avr studio 5.0/avr toolchain/bin/../lib/gcc/avr/4.5.1/avrxmega6\libgcc.a(_pack_sf.o)
 .debug_pubnames
                0x000002ca       0x21 c:/program files (x86)/atmel/avr studio 5.0/avr toolchain/bin/../lib/gcc/avr/4.5.1/avrxmega6\libgcc.a(_unpack_sf.o)
 .debug_pubnames
                0x000002eb       0x26 c:/program files (x86)/atmel/avr studio 5.0/avr toolchain/bin/../lib/gcc/avr/4.5.1/avrxmega6\libgcc.a(_fpcmp_parts_sf.o)

.debug_info     0x00000000     0x2b4f
 *(.debug_info)
 .debug_info    0x00000000       0x5e AVRGCC2.o
 .debug_info    0x0000005e      0x599 fys3240_lab1.o
 .debug_info    0x000005f7      0x993 fys3240_lab2.o
 .debug_info    0x00000f8a       0xbd c:/program files (x86)/atmel/avr studio 5.0/avr toolchain/bin/../lib/gcc/avr/4.5.1/avrxmega6\libgcc.a(_fixunssfsi.o)
 .debug_info    0x00001047      0x455 c:/program files (x86)/atmel/avr studio 5.0/avr toolchain/bin/../lib/gcc/avr/4.5.1/avrxmega6\libgcc.a(_addsub_sf.o)
 .debug_info    0x0000149c      0x3ec c:/program files (x86)/atmel/avr studio 5.0/avr toolchain/bin/../lib/gcc/avr/4.5.1/avrxmega6\libgcc.a(_mul_sf.o)
 .debug_info    0x00001888      0x28a c:/program files (x86)/atmel/avr studio 5.0/avr toolchain/bin/../lib/gcc/avr/4.5.1/avrxmega6\libgcc.a(_gt_sf.o)
 .debug_info    0x00001b12      0x28a c:/program files (x86)/atmel/avr studio 5.0/avr toolchain/bin/../lib/gcc/avr/4.5.1/avrxmega6\libgcc.a(_ge_sf.o)
 .debug_info    0x00001d9c      0x28a c:/program files (x86)/atmel/avr studio 5.0/avr toolchain/bin/../lib/gcc/avr/4.5.1/avrxmega6\libgcc.a(_lt_sf.o)
 .debug_info    0x00002026      0x2a5 c:/program files (x86)/atmel/avr studio 5.0/avr toolchain/bin/../lib/gcc/avr/4.5.1/avrxmega6\libgcc.a(_sf_to_si.o)
 .debug_info    0x000022cb      0x15e c:/program files (x86)/atmel/avr studio 5.0/avr toolchain/bin/../lib/gcc/avr/4.5.1/avrxmega6\libgcc.a(_thenan_sf.o)
 .debug_info    0x00002429      0x2d9 c:/program files (x86)/atmel/avr studio 5.0/avr toolchain/bin/../lib/gcc/avr/4.5.1/avrxmega6\libgcc.a(_pack_sf.o)
 .debug_info    0x00002702      0x25c c:/program files (x86)/atmel/avr studio 5.0/avr toolchain/bin/../lib/gcc/avr/4.5.1/avrxmega6\libgcc.a(_unpack_sf.o)
 .debug_info    0x0000295e      0x1f1 c:/program files (x86)/atmel/avr studio 5.0/avr toolchain/bin/../lib/gcc/avr/4.5.1/avrxmega6\libgcc.a(_fpcmp_parts_sf.o)
 *(.gnu.linkonce.wi.*)

.debug_abbrev   0x00000000     0x115d
 *(.debug_abbrev)
 .debug_abbrev  0x00000000       0x2a AVRGCC2.o
 .debug_abbrev  0x0000002a      0x18d fys3240_lab1.o
 .debug_abbrev  0x000001b7      0x1c8 fys3240_lab2.o
 .debug_abbrev  0x0000037f       0x5d c:/program files (x86)/atmel/avr studio 5.0/avr toolchain/bin/../lib/gcc/avr/4.5.1/avrxmega6\libgcc.a(_fixunssfsi.o)
 .debug_abbrev  0x000003dc      0x1af c:/program files (x86)/atmel/avr studio 5.0/avr toolchain/bin/../lib/gcc/avr/4.5.1/avrxmega6\libgcc.a(_addsub_sf.o)
 .debug_abbrev  0x0000058b      0x1d9 c:/program files (x86)/atmel/avr studio 5.0/avr toolchain/bin/../lib/gcc/avr/4.5.1/avrxmega6\libgcc.a(_mul_sf.o)
 .debug_abbrev  0x00000764      0x151 c:/program files (x86)/atmel/avr studio 5.0/avr toolchain/bin/../lib/gcc/avr/4.5.1/avrxmega6\libgcc.a(_gt_sf.o)
 .debug_abbrev  0x000008b5      0x151 c:/program files (x86)/atmel/avr studio 5.0/avr toolchain/bin/../lib/gcc/avr/4.5.1/avrxmega6\libgcc.a(_ge_sf.o)
 .debug_abbrev  0x00000a06      0x151 c:/program files (x86)/atmel/avr studio 5.0/avr toolchain/bin/../lib/gcc/avr/4.5.1/avrxmega6\libgcc.a(_lt_sf.o)
 .debug_abbrev  0x00000b57      0x160 c:/program files (x86)/atmel/avr studio 5.0/avr toolchain/bin/../lib/gcc/avr/4.5.1/avrxmega6\libgcc.a(_sf_to_si.o)
 .debug_abbrev  0x00000cb7       0xcb c:/program files (x86)/atmel/avr studio 5.0/avr toolchain/bin/../lib/gcc/avr/4.5.1/avrxmega6\libgcc.a(_thenan_sf.o)
 .debug_abbrev  0x00000d82      0x185 c:/program files (x86)/atmel/avr studio 5.0/avr toolchain/bin/../lib/gcc/avr/4.5.1/avrxmega6\libgcc.a(_pack_sf.o)
 .debug_abbrev  0x00000f07      0x14b c:/program files (x86)/atmel/avr studio 5.0/avr toolchain/bin/../lib/gcc/avr/4.5.1/avrxmega6\libgcc.a(_unpack_sf.o)
 .debug_abbrev  0x00001052      0x10b c:/program files (x86)/atmel/avr studio 5.0/avr toolchain/bin/../lib/gcc/avr/4.5.1/avrxmega6\libgcc.a(_fpcmp_parts_sf.o)

.debug_line     0x00000000     0x1d61
 *(.debug_line)
 .debug_line    0x00000000       0x3e AVRGCC2.o
 .debug_line    0x0000003e      0x45d fys3240_lab1.o
 .debug_line    0x0000049b      0x8a2 fys3240_lab2.o
 .debug_line    0x00000d3d       0xc9 c:/program files (x86)/atmel/avr studio 5.0/avr toolchain/bin/../lib/gcc/avr/4.5.1/avrxmega6\libgcc.a(_fixunssfsi.o)
 .debug_line    0x00000e06      0x2ee c:/program files (x86)/atmel/avr studio 5.0/avr toolchain/bin/../lib/gcc/avr/4.5.1/avrxmega6\libgcc.a(_addsub_sf.o)
 .debug_line    0x000010f4      0x28a c:/program files (x86)/atmel/avr studio 5.0/avr toolchain/bin/../lib/gcc/avr/4.5.1/avrxmega6\libgcc.a(_mul_sf.o)
 .debug_line    0x0000137e      0x105 c:/program files (x86)/atmel/avr studio 5.0/avr toolchain/bin/../lib/gcc/avr/4.5.1/avrxmega6\libgcc.a(_gt_sf.o)
 .debug_line    0x00001483      0x105 c:/program files (x86)/atmel/avr studio 5.0/avr toolchain/bin/../lib/gcc/avr/4.5.1/avrxmega6\libgcc.a(_ge_sf.o)
 .debug_line    0x00001588      0x105 c:/program files (x86)/atmel/avr studio 5.0/avr toolchain/bin/../lib/gcc/avr/4.5.1/avrxmega6\libgcc.a(_lt_sf.o)
 .debug_line    0x0000168d      0x13f c:/program files (x86)/atmel/avr studio 5.0/avr toolchain/bin/../lib/gcc/avr/4.5.1/avrxmega6\libgcc.a(_sf_to_si.o)
 .debug_line    0x000017cc       0xb2 c:/program files (x86)/atmel/avr studio 5.0/avr toolchain/bin/../lib/gcc/avr/4.5.1/avrxmega6\libgcc.a(_thenan_sf.o)
 .debug_line    0x0000187e      0x1f5 c:/program files (x86)/atmel/avr studio 5.0/avr toolchain/bin/../lib/gcc/avr/4.5.1/avrxmega6\libgcc.a(_pack_sf.o)
 .debug_line    0x00001a73      0x175 c:/program files (x86)/atmel/avr studio 5.0/avr toolchain/bin/../lib/gcc/avr/4.5.1/avrxmega6\libgcc.a(_unpack_sf.o)
 .debug_line    0x00001be8      0x179 c:/program files (x86)/atmel/avr studio 5.0/avr toolchain/bin/../lib/gcc/avr/4.5.1/avrxmega6\libgcc.a(_fpcmp_parts_sf.o)

.debug_frame    0x00000000      0x2d0
 *(.debug_frame)
 .debug_frame   0x00000000       0x90 fys3240_lab1.o
 .debug_frame   0x00000090       0xe0 fys3240_lab2.o
 .debug_frame   0x00000170       0x20 c:/program files (x86)/atmel/avr studio 5.0/avr toolchain/bin/../lib/gcc/avr/4.5.1/avrxmega6\libgcc.a(_fixunssfsi.o)
 .debug_frame   0x00000190       0x40 c:/program files (x86)/atmel/avr studio 5.0/avr toolchain/bin/../lib/gcc/avr/4.5.1/avrxmega6\libgcc.a(_addsub_sf.o)
 .debug_frame   0x000001d0       0x20 c:/program files (x86)/atmel/avr studio 5.0/avr toolchain/bin/../lib/gcc/avr/4.5.1/avrxmega6\libgcc.a(_mul_sf.o)
 .debug_frame   0x000001f0       0x20 c:/program files (x86)/atmel/avr studio 5.0/avr toolchain/bin/../lib/gcc/avr/4.5.1/avrxmega6\libgcc.a(_gt_sf.o)
 .debug_frame   0x00000210       0x20 c:/program files (x86)/atmel/avr studio 5.0/avr toolchain/bin/../lib/gcc/avr/4.5.1/avrxmega6\libgcc.a(_ge_sf.o)
 .debug_frame   0x00000230       0x20 c:/program files (x86)/atmel/avr studio 5.0/avr toolchain/bin/../lib/gcc/avr/4.5.1/avrxmega6\libgcc.a(_lt_sf.o)
 .debug_frame   0x00000250       0x20 c:/program files (x86)/atmel/avr studio 5.0/avr toolchain/bin/../lib/gcc/avr/4.5.1/avrxmega6\libgcc.a(_sf_to_si.o)
 .debug_frame   0x00000270       0x20 c:/program files (x86)/atmel/avr studio 5.0/avr toolchain/bin/../lib/gcc/avr/4.5.1/avrxmega6\libgcc.a(_pack_sf.o)
 .debug_frame   0x00000290       0x20 c:/program files (x86)/atmel/avr studio 5.0/avr toolchain/bin/../lib/gcc/avr/4.5.1/avrxmega6\libgcc.a(_unpack_sf.o)
 .debug_frame   0x000002b0       0x20 c:/program files (x86)/atmel/avr studio 5.0/avr toolchain/bin/../lib/gcc/avr/4.5.1/avrxmega6\libgcc.a(_fpcmp_parts_sf.o)

.debug_str      0x00000000      0x81b
 *(.debug_str)
 .debug_str     0x00000000       0x7f AVRGCC2.o
                                 0xb3 (size before relaxing)
 .debug_str     0x0000007f      0x2be fys3240_lab1.o
                                0x36d (size before relaxing)
 .debug_str     0x0000033d      0x232 fys3240_lab2.o
                                0x363 (size before relaxing)
 .debug_str     0x0000056f       0xdc c:/program files (x86)/atmel/avr studio 5.0/avr toolchain/bin/../lib/gcc/avr/4.5.1/avrxmega6\libgcc.a(_fixunssfsi.o)
                                0x161 (size before relaxing)
 .debug_str     0x0000064b      0x14f c:/program files (x86)/atmel/avr studio 5.0/avr toolchain/bin/../lib/gcc/avr/4.5.1/avrxmega6\libgcc.a(_addsub_sf.o)
                                0x248 (size before relaxing)
 .debug_str     0x0000079a       0x27 c:/program files (x86)/atmel/avr studio 5.0/avr toolchain/bin/../lib/gcc/avr/4.5.1/avrxmega6\libgcc.a(_mul_sf.o)
                                0x201 (size before relaxing)
 .debug_str     0x000007c1        0xf c:/program files (x86)/atmel/avr studio 5.0/avr toolchain/bin/../lib/gcc/avr/4.5.1/avrxmega6\libgcc.a(_gt_sf.o)
                                0x1cf (size before relaxing)
 .debug_str     0x000007d0        0x8 c:/program files (x86)/atmel/avr studio 5.0/avr toolchain/bin/../lib/gcc/avr/4.5.1/avrxmega6\libgcc.a(_ge_sf.o)
                                0x1cf (size before relaxing)
 .debug_str     0x000007d8        0x8 c:/program files (x86)/atmel/avr studio 5.0/avr toolchain/bin/../lib/gcc/avr/4.5.1/avrxmega6\libgcc.a(_lt_sf.o)
                                0x1cf (size before relaxing)
 .debug_str     0x000007e0        0xa c:/program files (x86)/atmel/avr studio 5.0/avr toolchain/bin/../lib/gcc/avr/4.5.1/avrxmega6\libgcc.a(_sf_to_si.o)
                                0x1d8 (size before relaxing)
 .debug_str     0x00000000      0x17a c:/program files (x86)/atmel/avr studio 5.0/avr toolchain/bin/../lib/gcc/avr/4.5.1/avrxmega6\libgcc.a(_thenan_sf.o)
 .debug_str     0x000007ea       0x16 c:/program files (x86)/atmel/avr studio 5.0/avr toolchain/bin/../lib/gcc/avr/4.5.1/avrxmega6\libgcc.a(_pack_sf.o)
                                0x1d7 (size before relaxing)
 .debug_str     0x00000800        0xb c:/program files (x86)/atmel/avr studio 5.0/avr toolchain/bin/../lib/gcc/avr/4.5.1/avrxmega6\libgcc.a(_unpack_sf.o)
                                0x1b9 (size before relaxing)
 .debug_str     0x0000080b       0x10 c:/program files (x86)/atmel/avr studio 5.0/avr toolchain/bin/../lib/gcc/avr/4.5.1/avrxmega6\libgcc.a(_fpcmp_parts_sf.o)
                                0x19d (size before relaxing)

.debug_loc      0x00000000      0xa79
 *(.debug_loc)
 .debug_loc     0x00000000       0x34 c:/program files (x86)/atmel/avr studio 5.0/avr toolchain/bin/../lib/gcc/avr/4.5.1/avrxmega6\libgcc.a(_fixunssfsi.o)
 .debug_loc     0x00000034      0x31d c:/program files (x86)/atmel/avr studio 5.0/avr toolchain/bin/../lib/gcc/avr/4.5.1/avrxmega6\libgcc.a(_addsub_sf.o)
 .debug_loc     0x00000351      0x2a4 c:/program files (x86)/atmel/avr studio 5.0/avr toolchain/bin/../lib/gcc/avr/4.5.1/avrxmega6\libgcc.a(_mul_sf.o)
 .debug_loc     0x000005f5       0x48 c:/program files (x86)/atmel/avr studio 5.0/avr toolchain/bin/../lib/gcc/avr/4.5.1/avrxmega6\libgcc.a(_gt_sf.o)
 .debug_loc     0x0000063d       0x48 c:/program files (x86)/atmel/avr studio 5.0/avr toolchain/bin/../lib/gcc/avr/4.5.1/avrxmega6\libgcc.a(_ge_sf.o)
 .debug_loc     0x00000685       0x48 c:/program files (x86)/atmel/avr studio 5.0/avr toolchain/bin/../lib/gcc/avr/4.5.1/avrxmega6\libgcc.a(_lt_sf.o)
 .debug_loc     0x000006cd       0x56 c:/program files (x86)/atmel/avr studio 5.0/avr toolchain/bin/../lib/gcc/avr/4.5.1/avrxmega6\libgcc.a(_sf_to_si.o)
 .debug_loc     0x00000723      0x1f5 c:/program files (x86)/atmel/avr studio 5.0/avr toolchain/bin/../lib/gcc/avr/4.5.1/avrxmega6\libgcc.a(_pack_sf.o)
 .debug_loc     0x00000918      0x111 c:/program files (x86)/atmel/avr studio 5.0/avr toolchain/bin/../lib/gcc/avr/4.5.1/avrxmega6\libgcc.a(_unpack_sf.o)
 .debug_loc     0x00000a29       0x50 c:/program files (x86)/atmel/avr studio 5.0/avr toolchain/bin/../lib/gcc/avr/4.5.1/avrxmega6\libgcc.a(_fpcmp_parts_sf.o)

.debug_macinfo
 *(.debug_macinfo)
OUTPUT(AVRGCC2.elf elf32-avr)
LOAD linker stubs

.debug_pubtypes
                0x00000000      0x681
 .debug_pubtypes
                0x00000000       0x12 AVRGCC2.o
 .debug_pubtypes
                0x00000012       0x9a fys3240_lab1.o
 .debug_pubtypes
                0x000000ac       0x78 fys3240_lab2.o
 .debug_pubtypes
                0x00000124       0x34 c:/program files (x86)/atmel/avr studio 5.0/avr toolchain/bin/../lib/gcc/avr/4.5.1/avrxmega6\libgcc.a(_fixunssfsi.o)
 .debug_pubtypes
                0x00000158       0x9d c:/program files (x86)/atmel/avr studio 5.0/avr toolchain/bin/../lib/gcc/avr/4.5.1/avrxmega6\libgcc.a(_addsub_sf.o)
 .debug_pubtypes
                0x000001f5       0x86 c:/program files (x86)/atmel/avr studio 5.0/avr toolchain/bin/../lib/gcc/avr/4.5.1/avrxmega6\libgcc.a(_mul_sf.o)
 .debug_pubtypes
                0x0000027b       0x91 c:/program files (x86)/atmel/avr studio 5.0/avr toolchain/bin/../lib/gcc/avr/4.5.1/avrxmega6\libgcc.a(_gt_sf.o)
 .debug_pubtypes
                0x0000030c       0x91 c:/program files (x86)/atmel/avr studio 5.0/avr toolchain/bin/../lib/gcc/avr/4.5.1/avrxmega6\libgcc.a(_ge_sf.o)
 .debug_pubtypes
                0x0000039d       0x91 c:/program files (x86)/atmel/avr studio 5.0/avr toolchain/bin/../lib/gcc/avr/4.5.1/avrxmega6\libgcc.a(_lt_sf.o)
 .debug_pubtypes
                0x0000042e       0x91 c:/program files (x86)/atmel/avr studio 5.0/avr toolchain/bin/../lib/gcc/avr/4.5.1/avrxmega6\libgcc.a(_sf_to_si.o)
 .debug_pubtypes
                0x000004bf       0x5b c:/program files (x86)/atmel/avr studio 5.0/avr toolchain/bin/../lib/gcc/avr/4.5.1/avrxmega6\libgcc.a(_thenan_sf.o)
 .debug_pubtypes
                0x0000051a       0x86 c:/program files (x86)/atmel/avr studio 5.0/avr toolchain/bin/../lib/gcc/avr/4.5.1/avrxmega6\libgcc.a(_pack_sf.o)
 .debug_pubtypes
                0x000005a0       0x86 c:/program files (x86)/atmel/avr studio 5.0/avr toolchain/bin/../lib/gcc/avr/4.5.1/avrxmega6\libgcc.a(_unpack_sf.o)
 .debug_pubtypes
                0x00000626       0x5b c:/program files (x86)/atmel/avr studio 5.0/avr toolchain/bin/../lib/gcc/avr/4.5.1/avrxmega6\libgcc.a(_fpcmp_parts_sf.o)

.debug_ranges   0x00000000       0x60
 .debug_ranges  0x00000000       0x30 fys3240_lab1.o
 .debug_ranges  0x00000030       0x30 c:/program files (x86)/atmel/avr studio 5.0/avr toolchain/bin/../lib/gcc/avr/4.5.1/avrxmega6\libgcc.a(_mul_sf.o)
