Archive member included because of file (symbol)

c:/program files (x86)/atmel/avr studio 5.0/avr toolchain/bin/../lib/gcc/avr/4.5.1/avrxmega6\libgcc.a(_udivmodqi4.o)
                              fys3240_lab3.o (__udivmodqi4)
c:/program files (x86)/atmel/avr studio 5.0/avr toolchain/bin/../lib/gcc/avr/4.5.1/avrxmega6\libgcc.a(_divmodhi4.o)
                              fys3240_lab3.o (__divmodhi4)
c:/program files (x86)/atmel/avr studio 5.0/avr toolchain/bin/../lib/gcc/avr/4.5.1/avrxmega6\libgcc.a(_divmodsi4.o)
                              fys3240_lab2.o (__divmodsi4)
c:/program files (x86)/atmel/avr studio 5.0/avr toolchain/bin/../lib/gcc/avr/4.5.1/avrxmega6\libgcc.a(_exit.o)
                              c:/program files (x86)/atmel/avr studio 5.0/avr toolchain/bin/../lib/gcc/avr/4.5.1/../../../../avr/lib/avrxmega6/crtx128b1.o (exit)
c:/program files (x86)/atmel/avr studio 5.0/avr toolchain/bin/../lib/gcc/avr/4.5.1/avrxmega6\libgcc.a(_copy_data.o)
                              fys3240_lab3.o (__do_copy_data)
c:/program files (x86)/atmel/avr studio 5.0/avr toolchain/bin/../lib/gcc/avr/4.5.1/avrxmega6\libgcc.a(_clear_bss.o)
                              fys3240_lab2.o (__do_clear_bss)
c:/program files (x86)/atmel/avr studio 5.0/avr toolchain/bin/../lib/gcc/avr/4.5.1/avrxmega6\libgcc.a(_fixunssfsi.o)
                              fys3240_lab1.o (__fixunssfsi)
c:/program files (x86)/atmel/avr studio 5.0/avr toolchain/bin/../lib/gcc/avr/4.5.1/avrxmega6\libgcc.a(_addsub_sf.o)
                              c:/program files (x86)/atmel/avr studio 5.0/avr toolchain/bin/../lib/gcc/avr/4.5.1/avrxmega6\libgcc.a(_fixunssfsi.o) (__subsf3)
c:/program files (x86)/atmel/avr studio 5.0/avr toolchain/bin/../lib/gcc/avr/4.5.1/avrxmega6\libgcc.a(_mul_sf.o)
                              fys3240_lab1.o (__mulsf3)
c:/program files (x86)/atmel/avr studio 5.0/avr toolchain/bin/../lib/gcc/avr/4.5.1/avrxmega6\libgcc.a(_gt_sf.o)
                              fys3240_lab1.o (__gtsf2)
c:/program files (x86)/atmel/avr studio 5.0/avr toolchain/bin/../lib/gcc/avr/4.5.1/avrxmega6\libgcc.a(_ge_sf.o)
                              c:/program files (x86)/atmel/avr studio 5.0/avr toolchain/bin/../lib/gcc/avr/4.5.1/avrxmega6\libgcc.a(_fixunssfsi.o) (__gesf2)
c:/program files (x86)/atmel/avr studio 5.0/avr toolchain/bin/../lib/gcc/avr/4.5.1/avrxmega6\libgcc.a(_lt_sf.o)
                              fys3240_lab1.o (__ltsf2)
c:/program files (x86)/atmel/avr studio 5.0/avr toolchain/bin/../lib/gcc/avr/4.5.1/avrxmega6\libgcc.a(_sf_to_si.o)
                              c:/program files (x86)/atmel/avr studio 5.0/avr toolchain/bin/../lib/gcc/avr/4.5.1/avrxmega6\libgcc.a(_fixunssfsi.o) (__fixsfsi)
c:/program files (x86)/atmel/avr studio 5.0/avr toolchain/bin/../lib/gcc/avr/4.5.1/avrxmega6\libgcc.a(_thenan_sf.o)
                              c:/program files (x86)/atmel/avr studio 5.0/avr toolchain/bin/../lib/gcc/avr/4.5.1/avrxmega6\libgcc.a(_addsub_sf.o) (__thenan_sf)
c:/program files (x86)/atmel/avr studio 5.0/avr toolchain/bin/../lib/gcc/avr/4.5.1/avrxmega6\libgcc.a(_udivmodhi4.o)
                              c:/program files (x86)/atmel/avr studio 5.0/avr toolchain/bin/../lib/gcc/avr/4.5.1/avrxmega6\libgcc.a(_divmodhi4.o) (__udivmodhi4)
c:/program files (x86)/atmel/avr studio 5.0/avr toolchain/bin/../lib/gcc/avr/4.5.1/avrxmega6\libgcc.a(_udivmodsi4.o)
                              c:/program files (x86)/atmel/avr studio 5.0/avr toolchain/bin/../lib/gcc/avr/4.5.1/avrxmega6\libgcc.a(_divmodsi4.o) (__udivmodsi4)
c:/program files (x86)/atmel/avr studio 5.0/avr toolchain/bin/../lib/gcc/avr/4.5.1/avrxmega6\libgcc.a(_prologue.o)
                              c:/program files (x86)/atmel/avr studio 5.0/avr toolchain/bin/../lib/gcc/avr/4.5.1/avrxmega6\libgcc.a(_addsub_sf.o) (__prologue_saves__)
c:/program files (x86)/atmel/avr studio 5.0/avr toolchain/bin/../lib/gcc/avr/4.5.1/avrxmega6\libgcc.a(_epilogue.o)
                              c:/program files (x86)/atmel/avr studio 5.0/avr toolchain/bin/../lib/gcc/avr/4.5.1/avrxmega6\libgcc.a(_addsub_sf.o) (__epilogue_restores__)
c:/program files (x86)/atmel/avr studio 5.0/avr toolchain/bin/../lib/gcc/avr/4.5.1/avrxmega6\libgcc.a(_pack_sf.o)
                              c:/program files (x86)/atmel/avr studio 5.0/avr toolchain/bin/../lib/gcc/avr/4.5.1/avrxmega6\libgcc.a(_addsub_sf.o) (__pack_f)
c:/program files (x86)/atmel/avr studio 5.0/avr toolchain/bin/../lib/gcc/avr/4.5.1/avrxmega6\libgcc.a(_unpack_sf.o)
                              c:/program files (x86)/atmel/avr studio 5.0/avr toolchain/bin/../lib/gcc/avr/4.5.1/avrxmega6\libgcc.a(_addsub_sf.o) (__unpack_f)
c:/program files (x86)/atmel/avr studio 5.0/avr toolchain/bin/../lib/gcc/avr/4.5.1/avrxmega6\libgcc.a(_fpcmp_parts_sf.o)
                              c:/program files (x86)/atmel/avr studio 5.0/avr toolchain/bin/../lib/gcc/avr/4.5.1/avrxmega6\libgcc.a(_gt_sf.o) (__fpcmp_parts_f)

Allocating common symbols
Common symbol       size              file

val                 0x1               fys3240_lab3.o
b_pressed           0x1               fys3240_lab2.o

Memory Configuration

Name             Origin             Length             Attributes
text             0x00000000         0x00100000         xr
data             0x00802000         0x0000ffa0         rw !x
eeprom           0x00810000         0x00010000         rw !x
fuse             0x00820000         0x00000400         rw !x
lock             0x00830000         0x00000400         rw !x
signature        0x00840000         0x00000400         rw !x
*default*        0x00000000         0xffffffff

Linker script and memory map

LOAD c:/program files (x86)/atmel/avr studio 5.0/avr toolchain/bin/../lib/gcc/avr/4.5.1/../../../../avr/lib/avrxmega6/crtx128b1.o
LOAD AVRGCC1.o
LOAD fys3240_lab1.o
LOAD fys3240_lab2.o
LOAD fys3240_lab3.o
LOAD c:/program files (x86)/atmel/avr studio 5.0/avr toolchain/bin/../lib/gcc/avr/4.5.1/avrxmega6\libgcc.a
LOAD c:/program files (x86)/atmel/avr studio 5.0/avr toolchain/bin/../lib/gcc/avr/4.5.1/../../../../avr/lib/avrxmega6\libc.a
LOAD c:/program files (x86)/atmel/avr studio 5.0/avr toolchain/bin/../lib/gcc/avr/4.5.1/avrxmega6\libgcc.a

.hash
 *(.hash)

.dynsym
 *(.dynsym)

.dynstr
 *(.dynstr)

.gnu.version
 *(.gnu.version)

.gnu.version_d
 *(.gnu.version_d)

.gnu.version_r
 *(.gnu.version_r)

.rel.init
 *(.rel.init)

.rela.init
 *(.rela.init)

.rel.text
 *(.rel.text)
 *(.rel.text.*)
 *(.rel.gnu.linkonce.t*)

.rela.text
 *(.rela.text)
 *(.rela.text.*)
 *(.rela.gnu.linkonce.t*)

.rel.fini
 *(.rel.fini)

.rela.fini
 *(.rela.fini)

.rel.rodata
 *(.rel.rodata)
 *(.rel.rodata.*)
 *(.rel.gnu.linkonce.r*)

.rela.rodata
 *(.rela.rodata)
 *(.rela.rodata.*)
 *(.rela.gnu.linkonce.r*)

.rel.data
 *(.rel.data)
 *(.rel.data.*)
 *(.rel.gnu.linkonce.d*)

.rela.data
 *(.rela.data)
 *(.rela.data.*)
 *(.rela.gnu.linkonce.d*)

.rel.ctors
 *(.rel.ctors)

.rela.ctors
 *(.rela.ctors)

.rel.dtors
 *(.rel.dtors)

.rela.dtors
 *(.rela.dtors)

.rel.got
 *(.rel.got)

.rela.got
 *(.rela.got)

.rel.bss
 *(.rel.bss)

.rela.bss
 *(.rela.bss)

.rel.plt
 *(.rel.plt)

.rela.plt
 *(.rela.plt)

.text           0x00000000     0x2648
 *(.vectors)
 .vectors       0x00000000      0x144 c:/program files (x86)/atmel/avr studio 5.0/avr toolchain/bin/../lib/gcc/avr/4.5.1/../../../../avr/lib/avrxmega6/crtx128b1.o
                0x00000000                __vector_default
                0x00000000                __vectors
 *(.vectors)
 *(.progmem.gcc*)
 *(.progmem*)
                0x00000144                . = ALIGN (0x2)
                0x00000144                __trampolines_start = .
 *(.trampolines)
 .trampolines   0x00000144        0x0 linker stubs
 *(.trampolines*)
                0x00000144                __trampolines_end = .
 *(.jumptables)
 *(.jumptables*)
 *(.lowtext)
 *(.lowtext*)
                0x00000144                __ctors_start = .
 *(.ctors)
                0x00000144                __ctors_end = .
                0x00000144                __dtors_start = .
 *(.dtors)
                0x00000144                __dtors_end = .
 SORT(*)(.ctors)
 SORT(*)(.dtors)
 *(.init0)
 .init0         0x00000144        0x0 c:/program files (x86)/atmel/avr studio 5.0/avr toolchain/bin/../lib/gcc/avr/4.5.1/../../../../avr/lib/avrxmega6/crtx128b1.o
                0x00000144                __init
 *(.init0)
 *(.init1)
 *(.init1)
 *(.init2)
 .init2         0x00000144       0x10 c:/program files (x86)/atmel/avr studio 5.0/avr toolchain/bin/../lib/gcc/avr/4.5.1/../../../../avr/lib/avrxmega6/crtx128b1.o
 *(.init2)
 *(.init3)
 *(.init3)
 *(.init4)
 .init4         0x00000154       0x1a c:/program files (x86)/atmel/avr studio 5.0/avr toolchain/bin/../lib/gcc/avr/4.5.1/avrxmega6\libgcc.a(_copy_data.o)
                0x00000154                __do_copy_data
 .init4         0x0000016e       0x10 c:/program files (x86)/atmel/avr studio 5.0/avr toolchain/bin/../lib/gcc/avr/4.5.1/avrxmega6\libgcc.a(_clear_bss.o)
                0x0000016e                __do_clear_bss
 *(.init4)
 *(.init5)
 *(.init5)
 *(.init6)
 *(.init6)
 *(.init7)
 *(.init7)
 *(.init8)
 *(.init8)
 *(.init9)
 .init9         0x0000017e        0x8 c:/program files (x86)/atmel/avr studio 5.0/avr toolchain/bin/../lib/gcc/avr/4.5.1/../../../../avr/lib/avrxmega6/crtx128b1.o
 *(.init9)
 *(.text)
 .text          0x00000186        0x4 c:/program files (x86)/atmel/avr studio 5.0/avr toolchain/bin/../lib/gcc/avr/4.5.1/../../../../avr/lib/avrxmega6/crtx128b1.o
                0x00000186                __vector_38
                0x00000186                __vector_22
                0x00000186                __vector_63
                0x00000186                __vector_28
                0x00000186                __vector_67
                0x00000186                __vector_1
                0x00000186                __vector_32
                0x00000186                __vector_75
                0x00000186                __vector_71
                0x00000186                __vector_34
                0x00000186                __vector_62
                0x00000186                __vector_77
                0x00000186                __vector_24
                0x00000186                __vector_12
                0x00000186                __vector_55
                0x00000186                __vector_69
                0x00000186                __vector_46
                0x00000186                __bad_interrupt
                0x00000186                __vector_72
                0x00000186                __vector_6
                0x00000186                __vector_31
                0x00000186                __vector_78
                0x00000186                __vector_74
                0x00000186                __vector_39
                0x00000186                __vector_3
                0x00000186                __vector_23
                0x00000186                __vector_68
                0x00000186                __vector_30
                0x00000186                __vector_73
                0x00000186                __vector_45
                0x00000186                __vector_25
                0x00000186                __vector_61
                0x00000186                __vector_11
                0x00000186                __vector_54
                0x00000186                __vector_13
                0x00000186                __vector_17
                0x00000186                __vector_19
                0x00000186                __vector_56
                0x00000186                __vector_7
                0x00000186                __vector_49
                0x00000186                __vector_41
                0x00000186                __vector_64
                0x00000186                __vector_43
                0x00000186                __vector_27
                0x00000186                __vector_5
                0x00000186                __vector_33
                0x00000186                __vector_76
                0x00000186                __vector_47
                0x00000186                __vector_52
                0x00000186                __vector_37
                0x00000186                __vector_4
                0x00000186                __vector_51
                0x00000186                __vector_9
                0x00000186                __vector_2
                0x00000186                __vector_21
                0x00000186                __vector_15
                0x00000186                __vector_66
                0x00000186                __vector_36
                0x00000186                __vector_79
                0x00000186                __vector_58
                0x00000186                __vector_70
                0x00000186                __vector_29
                0x00000186                __vector_60
                0x00000186                __vector_40
                0x00000186                __vector_8
                0x00000186                __vector_26
                0x00000186                __vector_48
                0x00000186                __vector_80
                0x00000186                __vector_14
                0x00000186                __vector_57
                0x00000186                __vector_53
                0x00000186                __vector_10
                0x00000186                __vector_50
                0x00000186                __vector_16
                0x00000186                __vector_59
                0x00000186                __vector_18
                0x00000186                __vector_20
                0x00000186                __vector_42
                0x00000186                __vector_65
 .text          0x0000018a        0x0 AVRGCC1.o
 .text          0x0000018a      0x452 fys3240_lab1.o
                0x0000018a                init_32M_clock
                0x000001be                put_on_leds
                0x000001e0                getButtonInput
                0x00000200                flash_on_keypress
                0x00000216                led_counter
                0x00000570                init_buttons
                0x000005ae                init_leds
                0x000005c6                init_buttons_and_leds
 .text          0x000005dc     0x11e0 fys3240_lab2.o
                0x000005dc                oppgave1
                0x000010dc                done
                0x00001130                blink
                0x00001170                lcd_clear
                0x000012a0                lcd_set_blink
                0x000012be                lcd_write_char_pos
                0x000012ec                lcd_write_char
                0x0000130a                lcd_write_int
                0x0000132c                init_lcd
                0x00001362                init_lcd_interrupts
                0x00001390                lcd_callback_lab2
 .text          0x000017bc      0x2c6 fys3240_lab3.o
                0x000017bc                __vector_44
                0x0000181c                __vector_35
                0x0000187c                main
                0x00001896                ADCBInit
                0x000018f4                adcb_callback
                0x000019d2                lcd_for_adc_callback
                0x000019fe                show_value
 .text          0x00001a82        0x0 c:/program files (x86)/atmel/avr studio 5.0/avr toolchain/bin/../lib/gcc/avr/4.5.1/avrxmega6\libgcc.a(_udivmodqi4.o)
 .text          0x00001a82        0x0 c:/program files (x86)/atmel/avr studio 5.0/avr toolchain/bin/../lib/gcc/avr/4.5.1/avrxmega6\libgcc.a(_divmodhi4.o)
 .text          0x00001a82        0x0 c:/program files (x86)/atmel/avr studio 5.0/avr toolchain/bin/../lib/gcc/avr/4.5.1/avrxmega6\libgcc.a(_divmodsi4.o)
 .text          0x00001a82        0x0 c:/program files (x86)/atmel/avr studio 5.0/avr toolchain/bin/../lib/gcc/avr/4.5.1/avrxmega6\libgcc.a(_exit.o)
 .text          0x00001a82        0x0 c:/program files (x86)/atmel/avr studio 5.0/avr toolchain/bin/../lib/gcc/avr/4.5.1/avrxmega6\libgcc.a(_copy_data.o)
 .text          0x00001a82        0x0 c:/program files (x86)/atmel/avr studio 5.0/avr toolchain/bin/../lib/gcc/avr/4.5.1/avrxmega6\libgcc.a(_clear_bss.o)
 .text          0x00001a82       0x58 c:/program files (x86)/atmel/avr studio 5.0/avr toolchain/bin/../lib/gcc/avr/4.5.1/avrxmega6\libgcc.a(_fixunssfsi.o)
                0x00001a82                __fixunssfsi
 .text          0x00001ada      0x350 c:/program files (x86)/atmel/avr studio 5.0/avr toolchain/bin/../lib/gcc/avr/4.5.1/avrxmega6\libgcc.a(_addsub_sf.o)
                0x00001d6e                __addsf3
                0x00001dc8                __subsf3
 .text          0x00001e2a      0x1f4 c:/program files (x86)/atmel/avr studio 5.0/avr toolchain/bin/../lib/gcc/avr/4.5.1/avrxmega6\libgcc.a(_mul_sf.o)
                0x00001e2a                __mulsf3
 .text          0x0000201e       0x60 c:/program files (x86)/atmel/avr studio 5.0/avr toolchain/bin/../lib/gcc/avr/4.5.1/avrxmega6\libgcc.a(_gt_sf.o)
                0x0000201e                __gtsf2
 .text          0x0000207e       0x60 c:/program files (x86)/atmel/avr studio 5.0/avr toolchain/bin/../lib/gcc/avr/4.5.1/avrxmega6\libgcc.a(_ge_sf.o)
                0x0000207e                __gesf2
 .text          0x000020de       0x60 c:/program files (x86)/atmel/avr studio 5.0/avr toolchain/bin/../lib/gcc/avr/4.5.1/avrxmega6\libgcc.a(_lt_sf.o)
                0x000020de                __ltsf2
 .text          0x0000213e       0xa4 c:/program files (x86)/atmel/avr studio 5.0/avr toolchain/bin/../lib/gcc/avr/4.5.1/avrxmega6\libgcc.a(_sf_to_si.o)
                0x0000213e                __fixsfsi
 .text          0x000021e2        0x0 c:/program files (x86)/atmel/avr studio 5.0/avr toolchain/bin/../lib/gcc/avr/4.5.1/avrxmega6\libgcc.a(_thenan_sf.o)
 .text          0x000021e2        0x0 c:/program files (x86)/atmel/avr studio 5.0/avr toolchain/bin/../lib/gcc/avr/4.5.1/avrxmega6\libgcc.a(_udivmodhi4.o)
 .text          0x000021e2        0x0 c:/program files (x86)/atmel/avr studio 5.0/avr toolchain/bin/../lib/gcc/avr/4.5.1/avrxmega6\libgcc.a(_udivmodsi4.o)
 .text          0x000021e2        0x0 c:/program files (x86)/atmel/avr studio 5.0/avr toolchain/bin/../lib/gcc/avr/4.5.1/avrxmega6\libgcc.a(_prologue.o)
 .text          0x000021e2        0x0 c:/program files (x86)/atmel/avr studio 5.0/avr toolchain/bin/../lib/gcc/avr/4.5.1/avrxmega6\libgcc.a(_epilogue.o)
 .text          0x000021e2      0x19c c:/program files (x86)/atmel/avr studio 5.0/avr toolchain/bin/../lib/gcc/avr/4.5.1/avrxmega6\libgcc.a(_pack_sf.o)
                0x000021e2                __pack_f
 .text          0x0000237e       0xd2 c:/program files (x86)/atmel/avr studio 5.0/avr toolchain/bin/../lib/gcc/avr/4.5.1/avrxmega6\libgcc.a(_unpack_sf.o)
                0x0000237e                __unpack_f
 .text          0x00002450       0xb2 c:/program files (x86)/atmel/avr studio 5.0/avr toolchain/bin/../lib/gcc/avr/4.5.1/avrxmega6\libgcc.a(_fpcmp_parts_sf.o)
                0x00002450                __fpcmp_parts_f
                0x00002502                . = ALIGN (0x2)
 *(.text.*)
 .text.libgcc   0x00002502       0x18 c:/program files (x86)/atmel/avr studio 5.0/avr toolchain/bin/../lib/gcc/avr/4.5.1/avrxmega6\libgcc.a(_udivmodqi4.o)
                0x00002502                __udivmodqi4
 .text.libgcc   0x0000251a       0x26 c:/program files (x86)/atmel/avr studio 5.0/avr toolchain/bin/../lib/gcc/avr/4.5.1/avrxmega6\libgcc.a(_divmodhi4.o)
                0x0000251a                _div
                0x0000251a                __divmodhi4
 .text.libgcc   0x00002540       0x36 c:/program files (x86)/atmel/avr studio 5.0/avr toolchain/bin/../lib/gcc/avr/4.5.1/avrxmega6\libgcc.a(_divmodsi4.o)
                0x00002540                __divmodsi4
 .text.libgcc   0x00002576        0x0 c:/program files (x86)/atmel/avr studio 5.0/avr toolchain/bin/../lib/gcc/avr/4.5.1/avrxmega6\libgcc.a(_exit.o)
 .text.libgcc   0x00002576        0x0 c:/program files (x86)/atmel/avr studio 5.0/avr toolchain/bin/../lib/gcc/avr/4.5.1/avrxmega6\libgcc.a(_copy_data.o)
 .text.libgcc   0x00002576        0x0 c:/program files (x86)/atmel/avr studio 5.0/avr toolchain/bin/../lib/gcc/avr/4.5.1/avrxmega6\libgcc.a(_clear_bss.o)
 .text.libgcc   0x00002576       0x28 c:/program files (x86)/atmel/avr studio 5.0/avr toolchain/bin/../lib/gcc/avr/4.5.1/avrxmega6\libgcc.a(_udivmodhi4.o)
                0x00002576                __udivmodhi4
 .text.libgcc   0x0000259e       0x44 c:/program files (x86)/atmel/avr studio 5.0/avr toolchain/bin/../lib/gcc/avr/4.5.1/avrxmega6\libgcc.a(_udivmodsi4.o)
                0x0000259e                __udivmodsi4
 .text.libgcc   0x000025e2       0x32 c:/program files (x86)/atmel/avr studio 5.0/avr toolchain/bin/../lib/gcc/avr/4.5.1/avrxmega6\libgcc.a(_prologue.o)
                0x000025e2                __prologue_saves__
 .text.libgcc   0x00002614       0x30 c:/program files (x86)/atmel/avr studio 5.0/avr toolchain/bin/../lib/gcc/avr/4.5.1/avrxmega6\libgcc.a(_epilogue.o)
                0x00002614                __epilogue_restores__
                0x00002644                . = ALIGN (0x2)
 *(.fini9)
 .fini9         0x00002644        0x0 c:/program files (x86)/atmel/avr studio 5.0/avr toolchain/bin/../lib/gcc/avr/4.5.1/avrxmega6\libgcc.a(_exit.o)
                0x00002644                _exit
                0x00002644                exit
 *(.fini9)
 *(.fini8)
 *(.fini8)
 *(.fini7)
 *(.fini7)
 *(.fini6)
 *(.fini6)
 *(.fini5)
 *(.fini5)
 *(.fini4)
 *(.fini4)
 *(.fini3)
 *(.fini3)
 *(.fini2)
 *(.fini2)
 *(.fini1)
 *(.fini1)
 *(.fini0)
 .fini0         0x00002644        0x4 c:/program files (x86)/atmel/avr studio 5.0/avr toolchain/bin/../lib/gcc/avr/4.5.1/avrxmega6\libgcc.a(_exit.o)
 *(.fini0)
                0x00002648                _etext = .

.data           0x00802000        0xa load address 0x00002648
                0x00802000                PROVIDE (__data_start, .)
 *(.data)
 .data          0x00802000        0x0 c:/program files (x86)/atmel/avr studio 5.0/avr toolchain/bin/../lib/gcc/avr/4.5.1/../../../../avr/lib/avrxmega6/crtx128b1.o
 .data          0x00802000        0x0 AVRGCC1.o
 .data          0x00802000        0x0 fys3240_lab1.o
 .data          0x00802000        0x0 fys3240_lab2.o
 .data          0x00802000        0x2 fys3240_lab3.o
                0x00802000                run
 .data          0x00802002        0x0 c:/program files (x86)/atmel/avr studio 5.0/avr toolchain/bin/../lib/gcc/avr/4.5.1/avrxmega6\libgcc.a(_udivmodqi4.o)
 .data          0x00802002        0x0 c:/program files (x86)/atmel/avr studio 5.0/avr toolchain/bin/../lib/gcc/avr/4.5.1/avrxmega6\libgcc.a(_divmodhi4.o)
 .data          0x00802002        0x0 c:/program files (x86)/atmel/avr studio 5.0/avr toolchain/bin/../lib/gcc/avr/4.5.1/avrxmega6\libgcc.a(_divmodsi4.o)
 .data          0x00802002        0x0 c:/program files (x86)/atmel/avr studio 5.0/avr toolchain/bin/../lib/gcc/avr/4.5.1/avrxmega6\libgcc.a(_exit.o)
 .data          0x00802002        0x0 c:/program files (x86)/atmel/avr studio 5.0/avr toolchain/bin/../lib/gcc/avr/4.5.1/avrxmega6\libgcc.a(_copy_data.o)
 .data          0x00802002        0x0 c:/program files (x86)/atmel/avr studio 5.0/avr toolchain/bin/../lib/gcc/avr/4.5.1/avrxmega6\libgcc.a(_clear_bss.o)
 .data          0x00802002        0x0 c:/program files (x86)/atmel/avr studio 5.0/avr toolchain/bin/../lib/gcc/avr/4.5.1/avrxmega6\libgcc.a(_fixunssfsi.o)
 .data          0x00802002        0x0 c:/program files (x86)/atmel/avr studio 5.0/avr toolchain/bin/../lib/gcc/avr/4.5.1/avrxmega6\libgcc.a(_addsub_sf.o)
 .data          0x00802002        0x0 c:/program files (x86)/atmel/avr studio 5.0/avr toolchain/bin/../lib/gcc/avr/4.5.1/avrxmega6\libgcc.a(_mul_sf.o)
 .data          0x00802002        0x0 c:/program files (x86)/atmel/avr studio 5.0/avr toolchain/bin/../lib/gcc/avr/4.5.1/avrxmega6\libgcc.a(_gt_sf.o)
 .data          0x00802002        0x0 c:/program files (x86)/atmel/avr studio 5.0/avr toolchain/bin/../lib/gcc/avr/4.5.1/avrxmega6\libgcc.a(_ge_sf.o)
 .data          0x00802002        0x0 c:/program files (x86)/atmel/avr studio 5.0/avr toolchain/bin/../lib/gcc/avr/4.5.1/avrxmega6\libgcc.a(_lt_sf.o)
 .data          0x00802002        0x0 c:/program files (x86)/atmel/avr studio 5.0/avr toolchain/bin/../lib/gcc/avr/4.5.1/avrxmega6\libgcc.a(_sf_to_si.o)
 .data          0x00802002        0x8 c:/program files (x86)/atmel/avr studio 5.0/avr toolchain/bin/../lib/gcc/avr/4.5.1/avrxmega6\libgcc.a(_thenan_sf.o)
                0x00802002                __thenan_sf
 .data          0x0080200a        0x0 c:/program files (x86)/atmel/avr studio 5.0/avr toolchain/bin/../lib/gcc/avr/4.5.1/avrxmega6\libgcc.a(_udivmodhi4.o)
 .data          0x0080200a        0x0 c:/program files (x86)/atmel/avr studio 5.0/avr toolchain/bin/../lib/gcc/avr/4.5.1/avrxmega6\libgcc.a(_udivmodsi4.o)
 .data          0x0080200a        0x0 c:/program files (x86)/atmel/avr studio 5.0/avr toolchain/bin/../lib/gcc/avr/4.5.1/avrxmega6\libgcc.a(_prologue.o)
 .data          0x0080200a        0x0 c:/program files (x86)/atmel/avr studio 5.0/avr toolchain/bin/../lib/gcc/avr/4.5.1/avrxmega6\libgcc.a(_epilogue.o)
 .data          0x0080200a        0x0 c:/program files (x86)/atmel/avr studio 5.0/avr toolchain/bin/../lib/gcc/avr/4.5.1/avrxmega6\libgcc.a(_pack_sf.o)
 .data          0x0080200a        0x0 c:/program files (x86)/atmel/avr studio 5.0/avr toolchain/bin/../lib/gcc/avr/4.5.1/avrxmega6\libgcc.a(_unpack_sf.o)
 .data          0x0080200a        0x0 c:/program files (x86)/atmel/avr studio 5.0/avr toolchain/bin/../lib/gcc/avr/4.5.1/avrxmega6\libgcc.a(_fpcmp_parts_sf.o)
 *(.data*)
 *(.rodata)
 *(.rodata*)
 *(.gnu.linkonce.d*)
                0x0080200a                . = ALIGN (0x2)
                0x0080200a                _edata = .
                0x0080200a                PROVIDE (__data_end, .)

.bss            0x0080200a        0x6
                0x0080200a                PROVIDE (__bss_start, .)
 *(.bss)
 .bss           0x0080200a        0x0 c:/program files (x86)/atmel/avr studio 5.0/avr toolchain/bin/../lib/gcc/avr/4.5.1/../../../../avr/lib/avrxmega6/crtx128b1.o
 .bss           0x0080200a        0x0 AVRGCC1.o
 .bss           0x0080200a        0x0 fys3240_lab1.o
 .bss           0x0080200a        0x4 fys3240_lab2.o
                0x0080200a                count
 .bss           0x0080200e        0x0 fys3240_lab3.o
 .bss           0x0080200e        0x0 c:/program files (x86)/atmel/avr studio 5.0/avr toolchain/bin/../lib/gcc/avr/4.5.1/avrxmega6\libgcc.a(_udivmodqi4.o)
 .bss           0x0080200e        0x0 c:/program files (x86)/atmel/avr studio 5.0/avr toolchain/bin/../lib/gcc/avr/4.5.1/avrxmega6\libgcc.a(_divmodhi4.o)
 .bss           0x0080200e        0x0 c:/program files (x86)/atmel/avr studio 5.0/avr toolchain/bin/../lib/gcc/avr/4.5.1/avrxmega6\libgcc.a(_divmodsi4.o)
 .bss           0x0080200e        0x0 c:/program files (x86)/atmel/avr studio 5.0/avr toolchain/bin/../lib/gcc/avr/4.5.1/avrxmega6\libgcc.a(_exit.o)
 .bss           0x0080200e        0x0 c:/program files (x86)/atmel/avr studio 5.0/avr toolchain/bin/../lib/gcc/avr/4.5.1/avrxmega6\libgcc.a(_copy_data.o)
 .bss           0x0080200e        0x0 c:/program files (x86)/atmel/avr studio 5.0/avr toolchain/bin/../lib/gcc/avr/4.5.1/avrxmega6\libgcc.a(_clear_bss.o)
 .bss           0x0080200e        0x0 c:/program files (x86)/atmel/avr studio 5.0/avr toolchain/bin/../lib/gcc/avr/4.5.1/avrxmega6\libgcc.a(_fixunssfsi.o)
 .bss           0x0080200e        0x0 c:/program files (x86)/atmel/avr studio 5.0/avr toolchain/bin/../lib/gcc/avr/4.5.1/avrxmega6\libgcc.a(_addsub_sf.o)
 .bss           0x0080200e        0x0 c:/program files (x86)/atmel/avr studio 5.0/avr toolchain/bin/../lib/gcc/avr/4.5.1/avrxmega6\libgcc.a(_mul_sf.o)
 .bss           0x0080200e        0x0 c:/program files (x86)/atmel/avr studio 5.0/avr toolchain/bin/../lib/gcc/avr/4.5.1/avrxmega6\libgcc.a(_gt_sf.o)
 .bss           0x0080200e        0x0 c:/program files (x86)/atmel/avr studio 5.0/avr toolchain/bin/../lib/gcc/avr/4.5.1/avrxmega6\libgcc.a(_ge_sf.o)
 .bss           0x0080200e        0x0 c:/program files (x86)/atmel/avr studio 5.0/avr toolchain/bin/../lib/gcc/avr/4.5.1/avrxmega6\libgcc.a(_lt_sf.o)
 .bss           0x0080200e        0x0 c:/program files (x86)/atmel/avr studio 5.0/avr toolchain/bin/../lib/gcc/avr/4.5.1/avrxmega6\libgcc.a(_sf_to_si.o)
 .bss           0x0080200e        0x0 c:/program files (x86)/atmel/avr studio 5.0/avr toolchain/bin/../lib/gcc/avr/4.5.1/avrxmega6\libgcc.a(_thenan_sf.o)
 .bss           0x0080200e        0x0 c:/program files (x86)/atmel/avr studio 5.0/avr toolchain/bin/../lib/gcc/avr/4.5.1/avrxmega6\libgcc.a(_udivmodhi4.o)
 .bss           0x0080200e        0x0 c:/program files (x86)/atmel/avr studio 5.0/avr toolchain/bin/../lib/gcc/avr/4.5.1/avrxmega6\libgcc.a(_udivmodsi4.o)
 .bss           0x0080200e        0x0 c:/program files (x86)/atmel/avr studio 5.0/avr toolchain/bin/../lib/gcc/avr/4.5.1/avrxmega6\libgcc.a(_prologue.o)
 .bss           0x0080200e        0x0 c:/program files (x86)/atmel/avr studio 5.0/avr toolchain/bin/../lib/gcc/avr/4.5.1/avrxmega6\libgcc.a(_epilogue.o)
 .bss           0x0080200e        0x0 c:/program files (x86)/atmel/avr studio 5.0/avr toolchain/bin/../lib/gcc/avr/4.5.1/avrxmega6\libgcc.a(_pack_sf.o)
 .bss           0x0080200e        0x0 c:/program files (x86)/atmel/avr studio 5.0/avr toolchain/bin/../lib/gcc/avr/4.5.1/avrxmega6\libgcc.a(_unpack_sf.o)
 .bss           0x0080200e        0x0 c:/program files (x86)/atmel/avr studio 5.0/avr toolchain/bin/../lib/gcc/avr/4.5.1/avrxmega6\libgcc.a(_fpcmp_parts_sf.o)
 *(.bss*)
 *(COMMON)
 COMMON         0x0080200e        0x1 fys3240_lab2.o
                0x0080200e                b_pressed
 COMMON         0x0080200f        0x1 fys3240_lab3.o
                0x0080200f                val
                0x00802010                PROVIDE (__bss_end, .)
                0x00002648                __data_load_start = LOADADDR (.data)
                0x00002652                __data_load_end = (__data_load_start + SIZEOF (.data))

.noinit         0x00802010        0x0
                0x00802010                PROVIDE (__noinit_start, .)
 *(.noinit*)
                0x00802010                PROVIDE (__noinit_end, .)
                0x00802010                _end = .
                0x00802010                PROVIDE (__heap_start, .)

.eeprom         0x00810000        0x0
 *(.eeprom*)
                0x00810000                __eeprom_end = .

.fuse
 *(.fuse)
 *(.lfuse)
 *(.hfuse)
 *(.efuse)

.lock
 *(.lock*)

.signature
 *(.signature*)

.stab           0x00000000      0x6e4
 *(.stab)
 .stab          0x00000000      0x6e4 c:/program files (x86)/atmel/avr studio 5.0/avr toolchain/bin/../lib/gcc/avr/4.5.1/../../../../avr/lib/avrxmega6/crtx128b1.o

.stabstr        0x00000000       0x85
 *(.stabstr)
 .stabstr       0x00000000       0x85 c:/program files (x86)/atmel/avr studio 5.0/avr toolchain/bin/../lib/gcc/avr/4.5.1/../../../../avr/lib/avrxmega6/crtx128b1.o

.stab.excl
 *(.stab.excl)

.stab.exclstr
 *(.stab.exclstr)

.stab.index
 *(.stab.index)

.stab.indexstr
 *(.stab.indexstr)

.comment
 *(.comment)

.debug
 *(.debug)

.line
 *(.line)

.debug_srcinfo
 *(.debug_srcinfo)

.debug_sfnames
 *(.debug_sfnames)

.debug_aranges  0x00000000      0x1a0
 *(.debug_aranges)
 .debug_aranges
                0x00000000       0x20 fys3240_lab1.o
 .debug_aranges
                0x00000020       0x20 fys3240_lab2.o
 .debug_aranges
                0x00000040       0x20 fys3240_lab3.o
 .debug_aranges
                0x00000060       0x20 c:/program files (x86)/atmel/avr studio 5.0/avr toolchain/bin/../lib/gcc/avr/4.5.1/avrxmega6\libgcc.a(_fixunssfsi.o)
 .debug_aranges
                0x00000080       0x20 c:/program files (x86)/atmel/avr studio 5.0/avr toolchain/bin/../lib/gcc/avr/4.5.1/avrxmega6\libgcc.a(_addsub_sf.o)
 .debug_aranges
                0x000000a0       0x20 c:/program files (x86)/atmel/avr studio 5.0/avr toolchain/bin/../lib/gcc/avr/4.5.1/avrxmega6\libgcc.a(_mul_sf.o)
 .debug_aranges
                0x000000c0       0x20 c:/program files (x86)/atmel/avr studio 5.0/avr toolchain/bin/../lib/gcc/avr/4.5.1/avrxmega6\libgcc.a(_gt_sf.o)
 .debug_aranges
                0x000000e0       0x20 c:/program files (x86)/atmel/avr studio 5.0/avr toolchain/bin/../lib/gcc/avr/4.5.1/avrxmega6\libgcc.a(_ge_sf.o)
 .debug_aranges
                0x00000100       0x20 c:/program files (x86)/atmel/avr studio 5.0/avr toolchain/bin/../lib/gcc/avr/4.5.1/avrxmega6\libgcc.a(_lt_sf.o)
 .debug_aranges
                0x00000120       0x20 c:/program files (x86)/atmel/avr studio 5.0/avr toolchain/bin/../lib/gcc/avr/4.5.1/avrxmega6\libgcc.a(_sf_to_si.o)
 .debug_aranges
                0x00000140       0x20 c:/program files (x86)/atmel/avr studio 5.0/avr toolchain/bin/../lib/gcc/avr/4.5.1/avrxmega6\libgcc.a(_pack_sf.o)
 .debug_aranges
                0x00000160       0x20 c:/program files (x86)/atmel/avr studio 5.0/avr toolchain/bin/../lib/gcc/avr/4.5.1/avrxmega6\libgcc.a(_unpack_sf.o)
 .debug_aranges
                0x00000180       0x20 c:/program files (x86)/atmel/avr studio 5.0/avr toolchain/bin/../lib/gcc/avr/4.5.1/avrxmega6\libgcc.a(_fpcmp_parts_sf.o)

.debug_pubnames
                0x00000000      0x398
 *(.debug_pubnames)
 .debug_pubnames
                0x00000000       0xa7 fys3240_lab1.o
 .debug_pubnames
                0x000000a7       0xe1 fys3240_lab2.o
 .debug_pubnames
                0x00000188       0xa0 fys3240_lab3.o
 .debug_pubnames
                0x00000228       0x23 c:/program files (x86)/atmel/avr studio 5.0/avr toolchain/bin/../lib/gcc/avr/4.5.1/avrxmega6\libgcc.a(_fixunssfsi.o)
 .debug_pubnames
                0x0000024b       0x2c c:/program files (x86)/atmel/avr studio 5.0/avr toolchain/bin/../lib/gcc/avr/4.5.1/avrxmega6\libgcc.a(_addsub_sf.o)
 .debug_pubnames
                0x00000277       0x1f c:/program files (x86)/atmel/avr studio 5.0/avr toolchain/bin/../lib/gcc/avr/4.5.1/avrxmega6\libgcc.a(_mul_sf.o)
 .debug_pubnames
                0x00000296       0x1e c:/program files (x86)/atmel/avr studio 5.0/avr toolchain/bin/../lib/gcc/avr/4.5.1/avrxmega6\libgcc.a(_gt_sf.o)
 .debug_pubnames
                0x000002b4       0x1e c:/program files (x86)/atmel/avr studio 5.0/avr toolchain/bin/../lib/gcc/avr/4.5.1/avrxmega6\libgcc.a(_ge_sf.o)
 .debug_pubnames
                0x000002d2       0x1e c:/program files (x86)/atmel/avr studio 5.0/avr toolchain/bin/../lib/gcc/avr/4.5.1/avrxmega6\libgcc.a(_lt_sf.o)
 .debug_pubnames
                0x000002f0       0x20 c:/program files (x86)/atmel/avr studio 5.0/avr toolchain/bin/../lib/gcc/avr/4.5.1/avrxmega6\libgcc.a(_sf_to_si.o)
 .debug_pubnames
                0x00000310       0x22 c:/program files (x86)/atmel/avr studio 5.0/avr toolchain/bin/../lib/gcc/avr/4.5.1/avrxmega6\libgcc.a(_thenan_sf.o)
 .debug_pubnames
                0x00000332       0x1f c:/program files (x86)/atmel/avr studio 5.0/avr toolchain/bin/../lib/gcc/avr/4.5.1/avrxmega6\libgcc.a(_pack_sf.o)
 .debug_pubnames
                0x00000351       0x21 c:/program files (x86)/atmel/avr studio 5.0/avr toolchain/bin/../lib/gcc/avr/4.5.1/avrxmega6\libgcc.a(_unpack_sf.o)
 .debug_pubnames
                0x00000372       0x26 c:/program files (x86)/atmel/avr studio 5.0/avr toolchain/bin/../lib/gcc/avr/4.5.1/avrxmega6\libgcc.a(_fpcmp_parts_sf.o)

.debug_info     0x00000000     0x328d
 *(.debug_info)
 .debug_info    0x00000000       0x5e AVRGCC1.o
 .debug_info    0x0000005e      0x599 fys3240_lab1.o
 .debug_info    0x000005f7      0x92b fys3240_lab2.o
 .debug_info    0x00000f22      0x7a6 fys3240_lab3.o
 .debug_info    0x000016c8       0xbd c:/program files (x86)/atmel/avr studio 5.0/avr toolchain/bin/../lib/gcc/avr/4.5.1/avrxmega6\libgcc.a(_fixunssfsi.o)
 .debug_info    0x00001785      0x455 c:/program files (x86)/atmel/avr studio 5.0/avr toolchain/bin/../lib/gcc/avr/4.5.1/avrxmega6\libgcc.a(_addsub_sf.o)
 .debug_info    0x00001bda      0x3ec c:/program files (x86)/atmel/avr studio 5.0/avr toolchain/bin/../lib/gcc/avr/4.5.1/avrxmega6\libgcc.a(_mul_sf.o)
 .debug_info    0x00001fc6      0x28a c:/program files (x86)/atmel/avr studio 5.0/avr toolchain/bin/../lib/gcc/avr/4.5.1/avrxmega6\libgcc.a(_gt_sf.o)
 .debug_info    0x00002250      0x28a c:/program files (x86)/atmel/avr studio 5.0/avr toolchain/bin/../lib/gcc/avr/4.5.1/avrxmega6\libgcc.a(_ge_sf.o)
 .debug_info    0x000024da      0x28a c:/program files (x86)/atmel/avr studio 5.0/avr toolchain/bin/../lib/gcc/avr/4.5.1/avrxmega6\libgcc.a(_lt_sf.o)
 .debug_info    0x00002764      0x2a5 c:/program files (x86)/atmel/avr studio 5.0/avr toolchain/bin/../lib/gcc/avr/4.5.1/avrxmega6\libgcc.a(_sf_to_si.o)
 .debug_info    0x00002a09      0x15e c:/program files (x86)/atmel/avr studio 5.0/avr toolchain/bin/../lib/gcc/avr/4.5.1/avrxmega6\libgcc.a(_thenan_sf.o)
 .debug_info    0x00002b67      0x2d9 c:/program files (x86)/atmel/avr studio 5.0/avr toolchain/bin/../lib/gcc/avr/4.5.1/avrxmega6\libgcc.a(_pack_sf.o)
 .debug_info    0x00002e40      0x25c c:/program files (x86)/atmel/avr studio 5.0/avr toolchain/bin/../lib/gcc/avr/4.5.1/avrxmega6\libgcc.a(_unpack_sf.o)
 .debug_info    0x0000309c      0x1f1 c:/program files (x86)/atmel/avr studio 5.0/avr toolchain/bin/../lib/gcc/avr/4.5.1/avrxmega6\libgcc.a(_fpcmp_parts_sf.o)
 *(.gnu.linkonce.wi.*)

.debug_abbrev   0x00000000     0x12ce
 *(.debug_abbrev)
 .debug_abbrev  0x00000000       0x2a AVRGCC1.o
 .debug_abbrev  0x0000002a      0x18d fys3240_lab1.o
 .debug_abbrev  0x000001b7      0x1a0 fys3240_lab2.o
 .debug_abbrev  0x00000357      0x199 fys3240_lab3.o
 .debug_abbrev  0x000004f0       0x5d c:/program files (x86)/atmel/avr studio 5.0/avr toolchain/bin/../lib/gcc/avr/4.5.1/avrxmega6\libgcc.a(_fixunssfsi.o)
 .debug_abbrev  0x0000054d      0x1af c:/program files (x86)/atmel/avr studio 5.0/avr toolchain/bin/../lib/gcc/avr/4.5.1/avrxmega6\libgcc.a(_addsub_sf.o)
 .debug_abbrev  0x000006fc      0x1d9 c:/program files (x86)/atmel/avr studio 5.0/avr toolchain/bin/../lib/gcc/avr/4.5.1/avrxmega6\libgcc.a(_mul_sf.o)
 .debug_abbrev  0x000008d5      0x151 c:/program files (x86)/atmel/avr studio 5.0/avr toolchain/bin/../lib/gcc/avr/4.5.1/avrxmega6\libgcc.a(_gt_sf.o)
 .debug_abbrev  0x00000a26      0x151 c:/program files (x86)/atmel/avr studio 5.0/avr toolchain/bin/../lib/gcc/avr/4.5.1/avrxmega6\libgcc.a(_ge_sf.o)
 .debug_abbrev  0x00000b77      0x151 c:/program files (x86)/atmel/avr studio 5.0/avr toolchain/bin/../lib/gcc/avr/4.5.1/avrxmega6\libgcc.a(_lt_sf.o)
 .debug_abbrev  0x00000cc8      0x160 c:/program files (x86)/atmel/avr studio 5.0/avr toolchain/bin/../lib/gcc/avr/4.5.1/avrxmega6\libgcc.a(_sf_to_si.o)
 .debug_abbrev  0x00000e28       0xcb c:/program files (x86)/atmel/avr studio 5.0/avr toolchain/bin/../lib/gcc/avr/4.5.1/avrxmega6\libgcc.a(_thenan_sf.o)
 .debug_abbrev  0x00000ef3      0x185 c:/program files (x86)/atmel/avr studio 5.0/avr toolchain/bin/../lib/gcc/avr/4.5.1/avrxmega6\libgcc.a(_pack_sf.o)
 .debug_abbrev  0x00001078      0x14b c:/program files (x86)/atmel/avr studio 5.0/avr toolchain/bin/../lib/gcc/avr/4.5.1/avrxmega6\libgcc.a(_unpack_sf.o)
 .debug_abbrev  0x000011c3      0x10b c:/program files (x86)/atmel/avr studio 5.0/avr toolchain/bin/../lib/gcc/avr/4.5.1/avrxmega6\libgcc.a(_fpcmp_parts_sf.o)

.debug_line     0x00000000     0x2068
 *(.debug_line)
 .debug_line    0x00000000       0x3e AVRGCC1.o
 .debug_line    0x0000003e      0x45d fys3240_lab1.o
 .debug_line    0x0000049b      0x85a fys3240_lab2.o
 .debug_line    0x00000cf5      0x34f fys3240_lab3.o
 .debug_line    0x00001044       0xc9 c:/program files (x86)/atmel/avr studio 5.0/avr toolchain/bin/../lib/gcc/avr/4.5.1/avrxmega6\libgcc.a(_fixunssfsi.o)
 .debug_line    0x0000110d      0x2ee c:/program files (x86)/atmel/avr studio 5.0/avr toolchain/bin/../lib/gcc/avr/4.5.1/avrxmega6\libgcc.a(_addsub_sf.o)
 .debug_line    0x000013fb      0x28a c:/program files (x86)/atmel/avr studio 5.0/avr toolchain/bin/../lib/gcc/avr/4.5.1/avrxmega6\libgcc.a(_mul_sf.o)
 .debug_line    0x00001685      0x105 c:/program files (x86)/atmel/avr studio 5.0/avr toolchain/bin/../lib/gcc/avr/4.5.1/avrxmega6\libgcc.a(_gt_sf.o)
 .debug_line    0x0000178a      0x105 c:/program files (x86)/atmel/avr studio 5.0/avr toolchain/bin/../lib/gcc/avr/4.5.1/avrxmega6\libgcc.a(_ge_sf.o)
 .debug_line    0x0000188f      0x105 c:/program files (x86)/atmel/avr studio 5.0/avr toolchain/bin/../lib/gcc/avr/4.5.1/avrxmega6\libgcc.a(_lt_sf.o)
 .debug_line    0x00001994      0x13f c:/program files (x86)/atmel/avr studio 5.0/avr toolchain/bin/../lib/gcc/avr/4.5.1/avrxmega6\libgcc.a(_sf_to_si.o)
 .debug_line    0x00001ad3       0xb2 c:/program files (x86)/atmel/avr studio 5.0/avr toolchain/bin/../lib/gcc/avr/4.5.1/avrxmega6\libgcc.a(_thenan_sf.o)
 .debug_line    0x00001b85      0x1f5 c:/program files (x86)/atmel/avr studio 5.0/avr toolchain/bin/../lib/gcc/avr/4.5.1/avrxmega6\libgcc.a(_pack_sf.o)
 .debug_line    0x00001d7a      0x175 c:/program files (x86)/atmel/avr studio 5.0/avr toolchain/bin/../lib/gcc/avr/4.5.1/avrxmega6\libgcc.a(_unpack_sf.o)
 .debug_line    0x00001eef      0x179 c:/program files (x86)/atmel/avr studio 5.0/avr toolchain/bin/../lib/gcc/avr/4.5.1/avrxmega6\libgcc.a(_fpcmp_parts_sf.o)

.debug_frame    0x00000000      0x340
 *(.debug_frame)
 .debug_frame   0x00000000       0x90 fys3240_lab1.o
 .debug_frame   0x00000090       0xc0 fys3240_lab2.o
 .debug_frame   0x00000150       0x90 fys3240_lab3.o
 .debug_frame   0x000001e0       0x20 c:/program files (x86)/atmel/avr studio 5.0/avr toolchain/bin/../lib/gcc/avr/4.5.1/avrxmega6\libgcc.a(_fixunssfsi.o)
 .debug_frame   0x00000200       0x40 c:/program files (x86)/atmel/avr studio 5.0/avr toolchain/bin/../lib/gcc/avr/4.5.1/avrxmega6\libgcc.a(_addsub_sf.o)
 .debug_frame   0x00000240       0x20 c:/program files (x86)/atmel/avr studio 5.0/avr toolchain/bin/../lib/gcc/avr/4.5.1/avrxmega6\libgcc.a(_mul_sf.o)
 .debug_frame   0x00000260       0x20 c:/program files (x86)/atmel/avr studio 5.0/avr toolchain/bin/../lib/gcc/avr/4.5.1/avrxmega6\libgcc.a(_gt_sf.o)
 .debug_frame   0x00000280       0x20 c:/program files (x86)/atmel/avr studio 5.0/avr toolchain/bin/../lib/gcc/avr/4.5.1/avrxmega6\libgcc.a(_ge_sf.o)
 .debug_frame   0x000002a0       0x20 c:/program files (x86)/atmel/avr studio 5.0/avr toolchain/bin/../lib/gcc/avr/4.5.1/avrxmega6\libgcc.a(_lt_sf.o)
 .debug_frame   0x000002c0       0x20 c:/program files (x86)/atmel/avr studio 5.0/avr toolchain/bin/../lib/gcc/avr/4.5.1/avrxmega6\libgcc.a(_sf_to_si.o)
 .debug_frame   0x000002e0       0x20 c:/program files (x86)/atmel/avr studio 5.0/avr toolchain/bin/../lib/gcc/avr/4.5.1/avrxmega6\libgcc.a(_pack_sf.o)
 .debug_frame   0x00000300       0x20 c:/program files (x86)/atmel/avr studio 5.0/avr toolchain/bin/../lib/gcc/avr/4.5.1/avrxmega6\libgcc.a(_unpack_sf.o)
 .debug_frame   0x00000320       0x20 c:/program files (x86)/atmel/avr studio 5.0/avr toolchain/bin/../lib/gcc/avr/4.5.1/avrxmega6\libgcc.a(_fpcmp_parts_sf.o)

.debug_str      0x00000000      0xb0a
 *(.debug_str)
 .debug_str     0x00000000       0xaf AVRGCC1.o
                                 0xe3 (size before relaxing)
 .debug_str     0x000000af      0x2b8 fys3240_lab1.o
                                0x39d (size before relaxing)
 .debug_str     0x00000367      0x1c0 fys3240_lab2.o
                                0x352 (size before relaxing)
 .debug_str     0x00000527      0x337 fys3240_lab3.o
                                0x579 (size before relaxing)
 .debug_str     0x0000085e       0xdc c:/program files (x86)/atmel/avr studio 5.0/avr toolchain/bin/../lib/gcc/avr/4.5.1/avrxmega6\libgcc.a(_fixunssfsi.o)
                                0x161 (size before relaxing)
 .debug_str     0x0000093a      0x14f c:/program files (x86)/atmel/avr studio 5.0/avr toolchain/bin/../lib/gcc/avr/4.5.1/avrxmega6\libgcc.a(_addsub_sf.o)
                                0x248 (size before relaxing)
 .debug_str     0x00000a89       0x27 c:/program files (x86)/atmel/avr studio 5.0/avr toolchain/bin/../lib/gcc/avr/4.5.1/avrxmega6\libgcc.a(_mul_sf.o)
                                0x201 (size before relaxing)
 .debug_str     0x00000ab0        0xf c:/program files (x86)/atmel/avr studio 5.0/avr toolchain/bin/../lib/gcc/avr/4.5.1/avrxmega6\libgcc.a(_gt_sf.o)
                                0x1cf (size before relaxing)
 .debug_str     0x00000abf        0x8 c:/program files (x86)/atmel/avr studio 5.0/avr toolchain/bin/../lib/gcc/avr/4.5.1/avrxmega6\libgcc.a(_ge_sf.o)
                                0x1cf (size before relaxing)
 .debug_str     0x00000ac7        0x8 c:/program files (x86)/atmel/avr studio 5.0/avr toolchain/bin/../lib/gcc/avr/4.5.1/avrxmega6\libgcc.a(_lt_sf.o)
                                0x1cf (size before relaxing)
 .debug_str     0x00000acf        0xa c:/program files (x86)/atmel/avr studio 5.0/avr toolchain/bin/../lib/gcc/avr/4.5.1/avrxmega6\libgcc.a(_sf_to_si.o)
                                0x1d8 (size before relaxing)
 .debug_str     0x00000000      0x17a c:/program files (x86)/atmel/avr studio 5.0/avr toolchain/bin/../lib/gcc/avr/4.5.1/avrxmega6\libgcc.a(_thenan_sf.o)
 .debug_str     0x00000ad9       0x16 c:/program files (x86)/atmel/avr studio 5.0/avr toolchain/bin/../lib/gcc/avr/4.5.1/avrxmega6\libgcc.a(_pack_sf.o)
                                0x1d7 (size before relaxing)
 .debug_str     0x00000aef        0xb c:/program files (x86)/atmel/avr studio 5.0/avr toolchain/bin/../lib/gcc/avr/4.5.1/avrxmega6\libgcc.a(_unpack_sf.o)
                                0x1b9 (size before relaxing)
 .debug_str     0x00000afa       0x10 c:/program files (x86)/atmel/avr studio 5.0/avr toolchain/bin/../lib/gcc/avr/4.5.1/avrxmega6\libgcc.a(_fpcmp_parts_sf.o)
                                0x19d (size before relaxing)

.debug_loc      0x00000000      0xa79
 *(.debug_loc)
 .debug_loc     0x00000000       0x34 c:/program files (x86)/atmel/avr studio 5.0/avr toolchain/bin/../lib/gcc/avr/4.5.1/avrxmega6\libgcc.a(_fixunssfsi.o)
 .debug_loc     0x00000034      0x31d c:/program files (x86)/atmel/avr studio 5.0/avr toolchain/bin/../lib/gcc/avr/4.5.1/avrxmega6\libgcc.a(_addsub_sf.o)
 .debug_loc     0x00000351      0x2a4 c:/program files (x86)/atmel/avr studio 5.0/avr toolchain/bin/../lib/gcc/avr/4.5.1/avrxmega6\libgcc.a(_mul_sf.o)
 .debug_loc     0x000005f5       0x48 c:/program files (x86)/atmel/avr studio 5.0/avr toolchain/bin/../lib/gcc/avr/4.5.1/avrxmega6\libgcc.a(_gt_sf.o)
 .debug_loc     0x0000063d       0x48 c:/program files (x86)/atmel/avr studio 5.0/avr toolchain/bin/../lib/gcc/avr/4.5.1/avrxmega6\libgcc.a(_ge_sf.o)
 .debug_loc     0x00000685       0x48 c:/program files (x86)/atmel/avr studio 5.0/avr toolchain/bin/../lib/gcc/avr/4.5.1/avrxmega6\libgcc.a(_lt_sf.o)
 .debug_loc     0x000006cd       0x56 c:/program files (x86)/atmel/avr studio 5.0/avr toolchain/bin/../lib/gcc/avr/4.5.1/avrxmega6\libgcc.a(_sf_to_si.o)
 .debug_loc     0x00000723      0x1f5 c:/program files (x86)/atmel/avr studio 5.0/avr toolchain/bin/../lib/gcc/avr/4.5.1/avrxmega6\libgcc.a(_pack_sf.o)
 .debug_loc     0x00000918      0x111 c:/program files (x86)/atmel/avr studio 5.0/avr toolchain/bin/../lib/gcc/avr/4.5.1/avrxmega6\libgcc.a(_unpack_sf.o)
 .debug_loc     0x00000a29       0x50 c:/program files (x86)/atmel/avr studio 5.0/avr toolchain/bin/../lib/gcc/avr/4.5.1/avrxmega6\libgcc.a(_fpcmp_parts_sf.o)

.debug_macinfo
 *(.debug_macinfo)
OUTPUT(AVRGCC1.elf elf32-avr)
LOAD linker stubs

.debug_pubtypes
                0x00000000      0x714
 .debug_pubtypes
                0x00000000       0x12 AVRGCC1.o
 .debug_pubtypes
                0x00000012       0x9a fys3240_lab1.o
 .debug_pubtypes
                0x000000ac       0x78 fys3240_lab2.o
 .debug_pubtypes
                0x00000124       0x93 fys3240_lab3.o
 .debug_pubtypes
                0x000001b7       0x34 c:/program files (x86)/atmel/avr studio 5.0/avr toolchain/bin/../lib/gcc/avr/4.5.1/avrxmega6\libgcc.a(_fixunssfsi.o)
 .debug_pubtypes
                0x000001eb       0x9d c:/program files (x86)/atmel/avr studio 5.0/avr toolchain/bin/../lib/gcc/avr/4.5.1/avrxmega6\libgcc.a(_addsub_sf.o)
 .debug_pubtypes
                0x00000288       0x86 c:/program files (x86)/atmel/avr studio 5.0/avr toolchain/bin/../lib/gcc/avr/4.5.1/avrxmega6\libgcc.a(_mul_sf.o)
 .debug_pubtypes
                0x0000030e       0x91 c:/program files (x86)/atmel/avr studio 5.0/avr toolchain/bin/../lib/gcc/avr/4.5.1/avrxmega6\libgcc.a(_gt_sf.o)
 .debug_pubtypes
                0x0000039f       0x91 c:/program files (x86)/atmel/avr studio 5.0/avr toolchain/bin/../lib/gcc/avr/4.5.1/avrxmega6\libgcc.a(_ge_sf.o)
 .debug_pubtypes
                0x00000430       0x91 c:/program files (x86)/atmel/avr studio 5.0/avr toolchain/bin/../lib/gcc/avr/4.5.1/avrxmega6\libgcc.a(_lt_sf.o)
 .debug_pubtypes
                0x000004c1       0x91 c:/program files (x86)/atmel/avr studio 5.0/avr toolchain/bin/../lib/gcc/avr/4.5.1/avrxmega6\libgcc.a(_sf_to_si.o)
 .debug_pubtypes
                0x00000552       0x5b c:/program files (x86)/atmel/avr studio 5.0/avr toolchain/bin/../lib/gcc/avr/4.5.1/avrxmega6\libgcc.a(_thenan_sf.o)
 .debug_pubtypes
                0x000005ad       0x86 c:/program files (x86)/atmel/avr studio 5.0/avr toolchain/bin/../lib/gcc/avr/4.5.1/avrxmega6\libgcc.a(_pack_sf.o)
 .debug_pubtypes
                0x00000633       0x86 c:/program files (x86)/atmel/avr studio 5.0/avr toolchain/bin/../lib/gcc/avr/4.5.1/avrxmega6\libgcc.a(_unpack_sf.o)
 .debug_pubtypes
                0x000006b9       0x5b c:/program files (x86)/atmel/avr studio 5.0/avr toolchain/bin/../lib/gcc/avr/4.5.1/avrxmega6\libgcc.a(_fpcmp_parts_sf.o)

.debug_ranges   0x00000000       0x60
 .debug_ranges  0x00000000       0x30 fys3240_lab1.o
 .debug_ranges  0x00000030       0x30 c:/program files (x86)/atmel/avr studio 5.0/avr toolchain/bin/../lib/gcc/avr/4.5.1/avrxmega6\libgcc.a(_mul_sf.o)
